Archive member included to satisfy reference by file (symbol)

dietlibc.a(strlen.o)          font_direct.o (strlen)
dietlibc.a(strchr.o)          stdio.o (strchr)
newlib-libc.a(lib_a-memcpy-stub.o)
                              propvalues.o (memcpy)
newlib-libc.a(lib_a-memset.o)
                              minimal.o (memset)
newlib-libm.a(lib_a-sf_log2.o)
                              raw.o (log2f)
newlib-libm.a(lib_a-sf_round.o)
                              minimal.o (roundf)
newlib-libm.a(lib_a-wf_log.o)
                              newlib-libm.a(lib_a-sf_log2.o) (logf)
newlib-libm.a(lib_a-wf_pow.o)
                              minimal.o (powf)
newlib-libm.a(lib_a-wf_sqrt.o)
                              raw.o (sqrtf)
newlib-libm.a(lib_a-ef_log.o)
                              newlib-libm.a(lib_a-wf_log.o) (__ieee754_logf)
newlib-libm.a(lib_a-ef_pow.o)
                              newlib-libm.a(lib_a-wf_pow.o) (__ieee754_powf)
newlib-libm.a(lib_a-ef_sqrt.o)
                              newlib-libm.a(lib_a-wf_sqrt.o) (__ieee754_sqrtf)
newlib-libm.a(lib_a-sf_fabs.o)
                              newlib-libm.a(lib_a-ef_pow.o) (fabsf)
newlib-libm.a(lib_a-sf_finite.o)
                              newlib-libm.a(lib_a-wf_pow.o) (finitef)
newlib-libm.a(lib_a-sf_fpclassify.o)
                              newlib-libm.a(lib_a-wf_log.o) (__fpclassifyf)
newlib-libm.a(lib_a-sf_nan.o)
                              newlib-libm.a(lib_a-ef_pow.o) (nanf)
newlib-libm.a(lib_a-sf_scalbn.o)
                              newlib-libm.a(lib_a-ef_pow.o) (scalbnf)
newlib-libm.a(lib_a-s_lib_ver.o)
                              newlib-libm.a(lib_a-wf_log.o) (__fdlib_version)
newlib-libm.a(lib_a-s_matherr.o)
                              newlib-libm.a(lib_a-wf_log.o) (matherr)
newlib-libm.a(lib_a-s_nan.o)  newlib-libm.a(lib_a-wf_log.o) (nan)
newlib-libm.a(lib_a-s_rint.o)
                              newlib-libm.a(lib_a-wf_pow.o) (rint)
newlib-libm.a(lib_a-sf_copysign.o)
                              newlib-libm.a(lib_a-sf_scalbn.o) (copysignf)
gcc-libgcc.a(_udivsi3.o)      font_direct.o (__aeabi_uidiv)
gcc-libgcc.a(_divsi3.o)       raw.o (__aeabi_idiv)
gcc-libgcc.a(_dvmd_tls.o)     gcc-libgcc.a(_udivsi3.o) (__aeabi_idiv0)
gcc-libgcc.a(_arm_addsubdf3.o)
                              newlib-libm.a(lib_a-s_rint.o) (__aeabi_dsub)
gcc-libgcc.a(_arm_muldivdf3.o)
                              newlib-libm.a(lib_a-wf_pow.o) (__aeabi_ddiv)
gcc-libgcc.a(_arm_cmpdf2.o)   newlib-libm.a(lib_a-wf_pow.o) (__aeabi_dcmpeq)
gcc-libgcc.a(_arm_truncdfsf2.o)
                              newlib-libm.a(lib_a-wf_log.o) (__aeabi_d2f)
gcc-libgcc.a(_arm_addsubsf3.o)
                              minimal.o (__aeabi_fsub)
gcc-libgcc.a(_arm_muldivsf3.o)
                              minimal.o (__aeabi_fmul)
gcc-libgcc.a(_arm_cmpsf2.o)   newlib-libm.a(lib_a-wf_log.o) (__aeabi_fcmpeq)
gcc-libgcc.a(_arm_fixsfsi.o)  minimal.o (__aeabi_f2iz)

Allocating common symbols
Common symbol       size              file

continuous_af_movie
                    0x4               propvalues.o
lv_movie_select     0x4               propvalues.o
auto_power_off_time
                    0x4               propvalues.o
lv_disp_mode        0x4               propvalues.o
metering_mode       0x4               propvalues.o
avail_shot          0x4               propvalues.o
burst_count         0x4               propvalues.o
bm2lv_x_cache       0xf00             vram.o
font_med            0xc               minimal.o
mirror_down         0x4               propvalues.o
yuv2rgb_GU          0x400             imgconv.o
yuv2rgb_GV          0x400             imgconv.o
y_times_BMPPITCH_cache
                    0x870             vram.o
lv_af_mode          0x4               propvalues.o
sensor_cleaning     0x4               propvalues.o
firmware_version    0x20              propvalues.o
image_review_time   0x4               propvalues.o
shooting_mode       0x4               propvalues.o
camera_model        0x20              propvalues.o
bmp_lock            0x4               minimal.o
drive_mode          0x4               propvalues.o
gui_state           0x4               propvalues.o
__recording         0x4               propvalues.o
pic_quality         0x4               propvalues.o
lv_dispsize         0x4               propvalues.o
shooting_mode_custom
                    0x4               propvalues.o
yuv2rgb_RV          0x400             imgconv.o
ext_monitor_hdmi    0x4               propvalues.o
icu_uilock          0x4               propvalues.o
sound_recording_mode
                    0x4               propvalues.o
efic_temp           0x4               propvalues.o
auto_iso_range      0x4               propvalues.o
af_mode             0x4               propvalues.o
battery_level_bars  0x4               propvalues.o
video_system_pal    0x4               propvalues.o
yuv2rgb_BU          0x400             imgconv.o
lv_focus_status     0x4               propvalues.o
[...]
Memory Configuration

Name             Origin             Length             Attributes
*default*        0x00000000         0xffffffff

Linker script and memory map

                0x0009e1e0                . = 0x9e1e0

.text           0x0009e1e0     0x8fd0
                0x0009e1e0                _text_start = .
 *(.text)
 .text          0x0009e1e0        0x4 entry.o
                0x0009e1e0                _start
 *fill*         0x0009e1e4        0xc 
 .text          0x0009e1f0      0x3fc minimal.o
                0x0009e2c0                copy_and_restart
                0x0009e390                disp_set_pixel
                0x0009e3ac                clrscr
                0x0009e4a0                get_ms_clock
                0x0009e4b8                is_pure_play_photo_mode
                0x0009e4c0                is_pure_play_movie_mode
                0x0009e4c8                is_play_mode
                0x0009e4d0                digic_zoom_overlay_enabled
                0x0009e4d8                display_filter_enabled
                0x0009e4e0                display_filter_get_buffers
                0x0009e4e4                bmp_printf
                0x0009e4f4                printf
                0x0009e504                bmp_mute_flag_reset
                0x0009e508                redraw
                0x0009e50c                afframe_set_dirty
                0x0009e510                ml_assert_handler
                0x0009e514                focus_box_get_raw_crop_offset
                0x0009e51c                edmac_raw_slurp
                0x0009e520                should_run_polling_action
                0x0009e528                fps_get_current_x1000
                0x0009e534                wait_lv_frames
                0x0009e53c                EngDrvOut
                0x0009e544                EngDrvOutLV
                0x0009e548                get_expsim
                0x0009e550                module_exec_cbr
                0x0009e558                display_idle
                0x0009e560                __mem_malloc
                0x0009e564                __mem_free
                0x0009e568                get_current_task_name
                0x0009e57c                raw2iso
                0x0009e5bc                format_memory_size
 *fill*         0x0009e5ec        0x4 
 .text          0x0009e5f0       0x64 cache.o
                0x0009e5f0                sync_caches
 *fill*         0x0009e654        0xc 
 .text          0x0009e660       0xdc font_direct.o
                0x0009e660                font_draw
 .text          0x0009e73c        0x0 ../../platform/EOSM.202/stubs.o
 *fill*         0x0009e73c        0x4 
 .text          0x0009e740     0x3550 raw.o
                0x0009e778                raw_red_pixel
                0x0009e7b8                raw_green_pixel
                0x0009e7fc                raw_blue_pixel
                0x0009e844                raw_red_pixel_dark
                0x0009e8ac                raw_green_pixel_dark
                0x0009e91c                raw_blue_pixel_dark
                0x0009e990                raw_red_pixel_bright
                0x0009e9f8                raw_green_pixel_bright
                0x0009ea68                raw_blue_pixel_bright
                0x0009fc50                raw_set_dirty
                0x0009fc64                raw_set_preview_rect
                0x0009fd50                raw_set_geometry
                0x0009fe94                raw_get_pixel
                0x000a024c                raw_get_pixel_ex
                0x000a0360                raw_set_pixel
                0x000a0510                raw_get_gray_pixel
                0x000a0720                raw_to_ev
                0x000a0828                ev_to_raw
                0x000a088c                raw_lv_redirect_edmac
                0x000a08a0                raw_lv_vsync
                0x000a098c                _raw_lv_get_iso_post_gain
                0x000a09b8                raw_lv_settings_still_valid
                0x000a0a20                raw_preview_fast_ex
                0x000a0aec                raw_preview_fast
                0x000a0b4c                raw_lv_is_enabled
                0x000a0b5c                raw_lv_request_bpp
                0x000a0c4c                raw_lv_request_digital_gain
                0x000a0cd4                raw_force_aspect_ratio
                0x000a0dfc                get_dxo_dynamic_range
                0x000a0e9c                can_use_raw_overlays_photo
                0x000a18c8                raw_update_params
                0x000a1a24                raw_lv_request
                0x000a1a8c                raw_lv_release
                0x000a1aec                can_use_raw_overlays
                0x000a1b94                can_use_raw_overlays_menu
                0x000a1c14                menu_set_warning_raw
                0x000a1c68                menu_checkdep_raw
 .text          0x000a1c90      0x918 vram.o
                0x000a1d28                vram_params_set_dirty
                0x000a1d78                _update_vram_params
                0x000a231c                yuv422_buffer_check
                0x000a2348                get_lcd_422_buf
                0x000a239c                guess_fastrefresh_direction
                0x000a2408                get_fastrefresh_422_buf
                0x000a248c                get_yuv422_vram
                0x000a2534                get_yuv422_hd_vram
                0x000a2578                vram_clear_lv
 *fill*         0x000a25a8        0x8 
 .text          0x000a25b0      0xa04 propvalues.o
                0x000a2a0c                is_camera
                0x000a2ac0                is_movie_mode
                0x000a2adc                set_recording_custom
                0x000a2aec                get_video_mode_name
                0x000a2e98                get_display_device_name
 *fill*         0x000a2fb4        0xc 
 .text          0x000a2fc0      0x378 stdio.o
                0x000a2fc0                streq
                0x000a3058                toupper
                0x000a3068                tolower
                0x000a3078                __errno
                0x000a3084                islower
                0x000a3098                isupper
                0x000a30ac                isalpha
                0x000a30c4                isdigit
                0x000a30d8                isxdigit
                0x000a30f8                isalnum
                0x000a3128                ispunct
                0x000a3148                isgraph
                0x000a3178                isspace
                0x000a3198                iscntrl
                0x000a31b8                snprintf
                0x000a31e4                memset64
                0x000a327c                memcpy64
 *fill*         0x000a3338        0x8 
 .text          0x000a3340      0x7cc imgconv.o
                0x000a3414                precompute_yuv2rgb
                0x000a34bc                yuv2rgb
                0x000a3540                rgb2yuv422_rec709
                0x000a3608                rgb2yuv422_rec601
                0x000a36e0                rgb2yuv422
                0x000a36e4                uyvy_split
                0x000a3714                yuv_resize
                0x000a37c8                yuv_halfcopy
                0x000a385c                yuv411_to_422
                0x000a38c0                yuv411_to_rgb
                0x000a39e8                yuvcpy_main
                0x000a3a54                little_cleanup
                0x000a3ad8                yuv422_get_pixel
 *fill*         0x000a3b0c        0x4 
 .text          0x000a3b10       0xb4 dialog_test.o
                0x000a3b10                get_current_dialog_handler
                0x000a3b34                canon_gui_disable_front_buffer
                0x000a3b6c                canon_gui_enable_front_buffer
                0x000a3bb8                canon_gui_front_buffer_disabled
 .text          0x000a3bc4       0x1c dietlibc.a(strlen.o)
                0x000a3bc4                strlen
 .text          0x000a3be0       0x2c dietlibc.a(strchr.o)
                0x000a3be0                index
                0x000a3be0                strchr
 .text          0x000a3c0c      0x168 newlib-libc.a(lib_a-memcpy-stub.o)
                0x000a3c0c                memcpy
 .text          0x000a3d74      0x188 newlib-libc.a(lib_a-memset.o)
                0x000a3d74                memset
 .text          0x000a3efc       0x1c newlib-libm.a(lib_a-sf_log2.o)
                0x000a3efc                log2f
 .text          0x000a3f18       0x7c newlib-libm.a(lib_a-sf_round.o)
                0x000a3f18                roundf
 .text          0x000a3f94      0x164 newlib-libm.a(lib_a-wf_log.o)
                0x000a3f94                logf
 .text          0x000a40f8      0x504 newlib-libm.a(lib_a-wf_pow.o)
                0x000a40f8                powf
 .text          0x000a45fc      0x11c newlib-libm.a(lib_a-wf_sqrt.o)
                0x000a45fc                sqrtf
 .text          0x000a4718      0x3b8 newlib-libm.a(lib_a-ef_log.o)
                0x000a4718                __ieee754_logf
 .text          0x000a4ad0      0x998 newlib-libm.a(lib_a-ef_pow.o)
                0x000a4ad0                __ieee754_powf
 .text          0x000a5468      0x114 newlib-libm.a(lib_a-ef_sqrt.o)
                0x000a5468                __ieee754_sqrtf
 .text          0x000a557c        0x8 newlib-libm.a(lib_a-sf_fabs.o)
                0x000a557c                fabsf
 .text          0x000a5584       0x1c newlib-libm.a(lib_a-sf_finite.o)
                0x000a5584                finitef
 .text          0x000a55a0       0x6c newlib-libm.a(lib_a-sf_fpclassify.o)
                0x000a55a0                __fpclassifyf
 .text          0x000a560c        0xc newlib-libm.a(lib_a-sf_nan.o)
                0x000a560c                nanf
 .text          0x000a5618      0x11c newlib-libm.a(lib_a-sf_scalbn.o)
                0x000a5618                scalbnf
 .text          0x000a5734        0x0 newlib-libm.a(lib_a-s_lib_ver.o)
 .text          0x000a5734        0x8 newlib-libm.a(lib_a-s_matherr.o)
                0x000a5734                matherr
 .text          0x000a573c       0x10 newlib-libm.a(lib_a-s_nan.o)
                0x000a573c                nan
 .text          0x000a574c      0x1a0 newlib-libm.a(lib_a-s_rint.o)
                0x000a574c                rint
 .text          0x000a58ec       0x10 newlib-libm.a(lib_a-sf_copysign.o)
                0x000a58ec                copysignf
 .text          0x000a58fc      0x114 gcc-libgcc.a(_udivsi3.o)
                0x000a58fc                __udivsi3
                0x000a58fc                __aeabi_uidiv
                0x000a59f0                __aeabi_uidivmod
 .text          0x000a5a10      0x148 gcc-libgcc.a(_divsi3.o)
                0x000a5a10                __aeabi_idiv
                0x000a5a10                __divsi3
                0x000a5b38                __aeabi_idivmod
 .text          0x000a5b58        0x4 gcc-libgcc.a(_dvmd_tls.o)
                0x000a5b58                __aeabi_ldiv0
                0x000a5b58                __aeabi_idiv0
 .text          0x000a5b5c      0x41c gcc-libgcc.a(_arm_addsubdf3.o)
                0x000a5b5c                __aeabi_drsub
                0x000a5b64                __aeabi_dsub
                0x000a5b64                __subdf3
                0x000a5b68                __adddf3
                0x000a5b68                __aeabi_dadd
                0x000a5e78                __aeabi_ui2d
                0x000a5e78                __floatunsidf
                0x000a5e9c                __floatsidf
                0x000a5e9c                __aeabi_i2d
                0x000a5ec4                __extendsfdf2
                0x000a5ec4                __aeabi_f2d
                0x000a5f04                __aeabi_ul2d
                0x000a5f04                __floatundidf
                0x000a5f18                __floatdidf
                0x000a5f18                __aeabi_l2d
 .text          0x000a5f78      0x49c gcc-libgcc.a(_arm_muldivdf3.o)
                0x000a5f78                __aeabi_dmul
                0x000a5f78                __muldf3
                0x000a6208                __aeabi_ddiv
                0x000a6208                __divdf3
 .text          0x000a6414      0x144 gcc-libgcc.a(_arm_cmpdf2.o)
                0x000a6414                __gtdf2
                0x000a6414                __gedf2
                0x000a641c                __ltdf2
                0x000a641c                __ledf2
                0x000a6424                __cmpdf2
                0x000a6424                __eqdf2
                0x000a6424                __nedf2
                0x000a64ac                __aeabi_cdrcmple
                0x000a64c8                __aeabi_cdcmple
                0x000a64c8                __aeabi_cdcmpeq
                0x000a64e0                __aeabi_dcmpeq
                0x000a64f8                __aeabi_dcmplt
                0x000a6510                __aeabi_dcmple
                0x000a6528                __aeabi_dcmpge
                0x000a6540                __aeabi_dcmpgt
 .text          0x000a6558       0xa0 gcc-libgcc.a(_arm_truncdfsf2.o)
                0x000a6558                __aeabi_d2f
                0x000a6558                __truncdfsf2
 .text          0x000a65f8      0x2ac gcc-libgcc.a(_arm_addsubsf3.o)
                0x000a65f8                __aeabi_frsub
                0x000a6600                __subsf3
                0x000a6600                __aeabi_fsub
                0x000a6604                __aeabi_fadd
                0x000a6604                __addsf3
                0x000a67c0                __aeabi_ui2f
                0x000a67c0                __floatunsisf
                0x000a67c8                __aeabi_i2f
                0x000a67c8                __floatsisf
                0x000a67e8                __floatundisf
                0x000a67e8                __aeabi_ul2f
                0x000a67f8                __floatdisf
                0x000a67f8                __aeabi_l2f
 .text          0x000a68a4      0x2f8 gcc-libgcc.a(_arm_muldivsf3.o)
                0x000a68a4                __mulsf3
                0x000a68a4                __aeabi_fmul
                0x000a6a3c                __divsf3
                0x000a6a3c                __aeabi_fdiv
 .text          0x000a6b9c      0x114 gcc-libgcc.a(_arm_cmpsf2.o)
                0x000a6b9c                __gtsf2
                0x000a6b9c                __gesf2
                0x000a6ba4                __lesf2
                0x000a6ba4                __ltsf2
                0x000a6bac                __nesf2
                0x000a6bac                __eqsf2
                0x000a6bac                __cmpsf2
                0x000a6c10                __aeabi_cfrcmple
                0x000a6c20                __aeabi_cfcmple
                0x000a6c20                __aeabi_cfcmpeq
                0x000a6c38                __aeabi_fcmpeq
                0x000a6c50                __aeabi_fcmplt
                0x000a6c68                __aeabi_fcmple
                0x000a6c80                __aeabi_fcmpge
                0x000a6c98                __aeabi_fcmpgt
 .text          0x000a6cb0       0x5c gcc-libgcc.a(_arm_fixsfsi.o)
                0x000a6cb0                __fixsfsi
                0x000a6cb0                __aeabi_f2iz
                0x000a6d0c                _text_end = .
                0x000a6d40                . = ALIGN (0x40)
 *fill*         0x000a6d0c       0x34 
                0x000a6d40                _rodata_start = .
 *(.rodata)
 .rodata        0x000a6d40      0x360 font_direct.o
 .rodata        0x000a70a0       0xc8 raw.o
 .rodata        0x000a7168       0x1d stdio.o
 *fill*         0x000a7185        0x3 
 .rodata        0x000a7188       0x18 newlib-libm.a(lib_a-ef_pow.o)
 .rodata        0x000a71a0       0x10 newlib-libm.a(lib_a-s_rint.o)
                0x000a71b0                _rodata_end = .
                0x000a71b0                _data_start = .

.rodata.str1.1  0x000a71b0      0x4bf
 .rodata.str1.1
                0x000a71b0       0x7f minimal.o
                                 0x82 (size before relaxing)
 .rodata.str1.1
                0x000a722f      0x2c8 raw.o
                                0x2ce (size before relaxing)
 .rodata.str1.1
                0x000a74f7       0x49 vram.o
 .rodata.str1.1
                0x000a7540       0xee propvalues.o
                                 0xf7 (size before relaxing)
 .rodata.str1.1
                0x000a762e       0x41 stdio.o

.rodata.str1.4  0x000a7670       0x60
 .rodata.str1.4
                0x000a7670       0x46 stdio.o
 *fill*         0x000a76b6        0x2 
 .rodata.str1.4
                0x000a76b8        0x5 newlib-libm.a(lib_a-wf_log.o)
                                  0xc (size before relaxing)
 *fill*         0x000a76bd        0x3 
 .rodata.str1.4
                0x000a76c0        0x5 newlib-libm.a(lib_a-wf_pow.o)
                                  0x8 (size before relaxing)
 *fill*         0x000a76c5        0x3 
 .rodata.str1.4
                0x000a76c8        0x8 newlib-libm.a(lib_a-wf_sqrt.o)
 .rodata.str1.4
                0x000a76d0        0x4 newlib-libm.a(lib_a-ef_pow.o)

.glue_7         0x000a76d0        0x0
 .glue_7        0x000a76d0        0x0 linker stubs

.glue_7t        0x000a76d0        0x0
 .glue_7t       0x000a76d0        0x0 linker stubs

.vfp11_veneer   0x000a76d0        0x0
 .vfp11_veneer  0x000a76d0        0x0 linker stubs

.v4_bx          0x000a76d0        0x0
 .v4_bx         0x000a76d0        0x0 linker stubs

.iplt           0x000a76d0        0x0
 .iplt          0x000a76d0        0x0 entry.o

.rel.dyn        0x000a76d0        0x0
 .rel.iplt      0x000a76d0        0x0 entry.o

.data           0x000a76d0      0x4b5
                0x000a76d0                . = ALIGN (0x8)
                0x000a76d0                _task_overrides_start = .
 *(.task_overrides)
                0x000a76d0                _task_overrides_end = .
                0x000a76d0                . = ALIGN (0x8)
                0x000a76d0                _tasks_start = .
 *(.tasks)
                0x000a76d0                _tasks_end = .
                0x000a76d0                . = ALIGN (0x8)
                0x000a76d0                _init_funcs_start = .
 *(.init_funcs)
 .init_funcs    0x000a76d0       0x14 raw.o
                0x000a76d0                task_create_raw_init
                0x000a76e4                _init_funcs_end = .
                0x000a76e8                . = ALIGN (0x8)
 *fill*         0x000a76e4        0x4 
                0x000a76e8                _ptp_handlers_start = .
 *(.ptp_handlers)
                0x000a76e8                _ptp_handlers_end = .
                0x000a76e8                . = ALIGN (0x8)
                0x000a76e8                _config_vars_start = .
 *(.config_vars)
                0x000a76e8                _config_vars_end = .
                0x000a76e8                . = ALIGN (0x8)
                0x000a76e8                _prop_handlers_start = .
 *(.prop_handlers)
 .prop_handlers
                0x000a76e8       0x18 raw.o
 .prop_handlers
                0x000a7700       0x90 vram.o
 .prop_handlers
                0x000a7790      0x210 propvalues.o
                0x000a79a0                _prop_handlers_end = .
                0x000a79a0                . = ALIGN (0x8)
                0x000a79a0                _module_symbols_start = .
 *(.module_symbols)
 .module_symbols
                0x000a79a0       0x10 raw.o
                0x000a79b0                _module_symbols_end = .
                0x000a79c0                . = ALIGN (0x40)
 *fill*         0x000a79b0       0x10 
 *(.data)
 .data          0x000a79c0        0x0 entry.o
 .data          0x000a79c0        0x0 minimal.o
 .data          0x000a79c0        0x0 cache.o
 .data          0x000a79c0        0x0 font_direct.o
 .data          0x000a79c0        0x0 ../../platform/EOSM.202/stubs.o
 .data          0x000a79c0       0xc0 raw.o
                0x000a79c0                raw_capture_info
                0x000a79d0                raw_info
                0x000a7a74                BitDepth_Analog
 .data          0x000a7a80       0x78 vram.o
                0x000a7a80                bm2lv
                0x000a7a94                os
                0x000a7ab8                vram_lv
                0x000a7ac8                vram_hd
                0x000a7ad8                lv2hd
                0x000a7ae8                lv2raw
 .data          0x000a7af8       0x8c propvalues.o
                0x000a7af8                ae_mode_movie
                0x000a7afc                artist_name
                0x000a7b3c                copyright_info
                0x000a7b7c                __camera_model_short
 .data          0x000a7b84        0x0 stdio.o
 .data          0x000a7b84        0x0 imgconv.o
 .data          0x000a7b84        0x0 dialog_test.o
 .data          0x000a7b84        0x0 dietlibc.a(strlen.o)
 .data          0x000a7b84        0x0 dietlibc.a(strchr.o)
 .data          0x000a7b84        0x0 newlib-libc.a(lib_a-memcpy-stub.o)
 .data          0x000a7b84        0x0 newlib-libc.a(lib_a-memset.o)
 .data          0x000a7b84        0x0 newlib-libm.a(lib_a-sf_log2.o)
 .data          0x000a7b84        0x0 newlib-libm.a(lib_a-sf_round.o)
 .data          0x000a7b84        0x0 newlib-libm.a(lib_a-wf_log.o)
 .data          0x000a7b84        0x0 newlib-libm.a(lib_a-wf_pow.o)
 .data          0x000a7b84        0x0 newlib-libm.a(lib_a-wf_sqrt.o)
 .data          0x000a7b84        0x0 newlib-libm.a(lib_a-ef_log.o)
 .data          0x000a7b84        0x0 newlib-libm.a(lib_a-ef_pow.o)
 .data          0x000a7b84        0x0 newlib-libm.a(lib_a-ef_sqrt.o)
 .data          0x000a7b84        0x0 newlib-libm.a(lib_a-sf_fabs.o)
 .data          0x000a7b84        0x0 newlib-libm.a(lib_a-sf_finite.o)
 .data          0x000a7b84        0x0 newlib-libm.a(lib_a-sf_fpclassify.o)
 .data          0x000a7b84        0x0 newlib-libm.a(lib_a-sf_nan.o)
 .data          0x000a7b84        0x0 newlib-libm.a(lib_a-sf_scalbn.o)
 .data          0x000a7b84        0x1 newlib-libm.a(lib_a-s_lib_ver.o)
                0x000a7b84                __fdlib_version
 .data          0x000a7b85        0x0 newlib-libm.a(lib_a-s_matherr.o)
 .data          0x000a7b85        0x0 newlib-libm.a(lib_a-s_nan.o)
 .data          0x000a7b85        0x0 newlib-libm.a(lib_a-s_rint.o)
 .data          0x000a7b85        0x0 newlib-libm.a(lib_a-sf_copysign.o)
 .data          0x000a7b85        0x0 gcc-libgcc.a(_udivsi3.o)
 .data          0x000a7b85        0x0 gcc-libgcc.a(_divsi3.o)
 .data          0x000a7b85        0x0 gcc-libgcc.a(_dvmd_tls.o)
 .data          0x000a7b85        0x0 gcc-libgcc.a(_arm_addsubdf3.o)
 .data          0x000a7b85        0x0 gcc-libgcc.a(_arm_muldivdf3.o)
 .data          0x000a7b85        0x0 gcc-libgcc.a(_arm_cmpdf2.o)
 .data          0x000a7b85        0x0 gcc-libgcc.a(_arm_truncdfsf2.o)
 .data          0x000a7b85        0x0 gcc-libgcc.a(_arm_addsubsf3.o)
 .data          0x000a7b85        0x0 gcc-libgcc.a(_arm_muldivsf3.o)
 .data          0x000a7b85        0x0 gcc-libgcc.a(_arm_cmpsf2.o)
 .data          0x000a7b85        0x0 gcc-libgcc.a(_arm_fixsfsi.o)
                0x000a7b85                _data.end = .
                0x000a7b85                __exidx_start = .

.igot.plt       0x000a7b88        0x0
 .igot.plt      0x000a7b88        0x0 entry.o

.ARM.exidx
 *(.ARM.exidx*)
                0x000a7b88                __exidx_end = .
                0x000a7bc0                . = ALIGN (0x40)
                0x000a7bc0                _bss_start = .

.bss            0x000a7bc0     0x59f0
 *(.bss)
 .bss           0x000a7bc0        0x0 entry.o
 .bss           0x000a7bc0     0x3024 minimal.o
 .bss           0x000aabe4        0x0 cache.o
 .bss           0x000aabe4        0x0 font_direct.o
 .bss           0x000aabe4        0x0 ../../platform/EOSM.202/stubs.o
 .bss           0x000aabe4       0x4c raw.o
                0x000aabf8                mlv_lite_reallocate_please
                0x000aabfc                allocating_new_buffer_is_needed
 .bss           0x000aac30       0x20 vram.o
 .bss           0x000aac50       0x3c propvalues.o
                0x000aac50                shutter_count
                0x000aac54                shutter_count_plus_lv_actuations
                0x000aac58                display_sensor
                0x000aac5c                video_mode_crop
                0x000aac60                video_mode_resolution
                0x000aac64                video_mode_fps
                0x000aac68                lv
                0x000aac6c                camera_model_id
                0x000aac78                __recording_custom
                0x000aac88                lv_paused
 .bss           0x000aac8c        0x4 stdio.o
 .bss           0x000aac90        0x8 imgconv.o
 .bss           0x000aac98        0x0 dialog_test.o
 .bss           0x000aac98        0x0 dietlibc.a(strlen.o)
 .bss           0x000aac98        0x0 dietlibc.a(strchr.o)
 .bss           0x000aac98        0x0 newlib-libc.a(lib_a-memcpy-stub.o)
 .bss           0x000aac98        0x0 newlib-libc.a(lib_a-memset.o)
 .bss           0x000aac98        0x0 newlib-libm.a(lib_a-sf_log2.o)
 .bss           0x000aac98        0x0 newlib-libm.a(lib_a-sf_round.o)
 .bss           0x000aac98        0x0 newlib-libm.a(lib_a-wf_log.o)
 .bss           0x000aac98        0x0 newlib-libm.a(lib_a-wf_pow.o)
 .bss           0x000aac98        0x0 newlib-libm.a(lib_a-wf_sqrt.o)
 .bss           0x000aac98        0x0 newlib-libm.a(lib_a-ef_log.o)
 .bss           0x000aac98        0x0 newlib-libm.a(lib_a-ef_pow.o)
 .bss           0x000aac98        0x0 newlib-libm.a(lib_a-ef_sqrt.o)
 .bss           0x000aac98        0x0 newlib-libm.a(lib_a-sf_fabs.o)
 .bss           0x000aac98        0x0 newlib-libm.a(lib_a-sf_finite.o)
 .bss           0x000aac98        0x0 newlib-libm.a(lib_a-sf_fpclassify.o)
 .bss           0x000aac98        0x0 newlib-libm.a(lib_a-sf_nan.o)
 .bss           0x000aac98        0x0 newlib-libm.a(lib_a-sf_scalbn.o)
 .bss           0x000aac98        0x0 newlib-libm.a(lib_a-s_lib_ver.o)
 .bss           0x000aac98        0x0 newlib-libm.a(lib_a-s_matherr.o)
 .bss           0x000aac98        0x0 newlib-libm.a(lib_a-s_nan.o)
 .bss           0x000aac98        0x0 newlib-libm.a(lib_a-s_rint.o)
 .bss           0x000aac98        0x0 newlib-libm.a(lib_a-sf_copysign.o)
 .bss           0x000aac98        0x0 gcc-libgcc.a(_udivsi3.o)
 .bss           0x000aac98        0x0 gcc-libgcc.a(_divsi3.o)
 .bss           0x000aac98        0x0 gcc-libgcc.a(_dvmd_tls.o)
 .bss           0x000aac98        0x0 gcc-libgcc.a(_arm_addsubdf3.o)
 .bss           0x000aac98        0x0 gcc-libgcc.a(_arm_muldivdf3.o)
 .bss           0x000aac98        0x0 gcc-libgcc.a(_arm_cmpdf2.o)
 .bss           0x000aac98        0x0 gcc-libgcc.a(_arm_truncdfsf2.o)
 .bss           0x000aac98        0x0 gcc-libgcc.a(_arm_addsubsf3.o)
 .bss           0x000aac98        0x0 gcc-libgcc.a(_arm_muldivsf3.o)
 .bss           0x000aac98        0x0 gcc-libgcc.a(_arm_cmpsf2.o)
 .bss           0x000aac98        0x0 gcc-libgcc.a(_arm_fixsfsi.o)
 COMMON         0x000aac98       0xb8 minimal.o
                0x000aac98                font_med
                0x000aaca4                bmp_lock
                0x000aaca8                lens_info
 COMMON         0x000aad50     0x1770 vram.o
                0x000aad50                bm2lv_x_cache
                0x000abc50                y_times_BMPPITCH_cache
 COMMON         0x000ac4c0       0xf0 propvalues.o
                0x000ac4c0                continuous_af_movie
                0x000ac4c4                lv_movie_select
                0x000ac4c8                auto_power_off_time
                0x000ac4cc                lv_disp_mode
                0x000ac4d0                metering_mode
                0x000ac4d4                avail_shot
                0x000ac4d8                burst_count
                0x000ac4dc                mirror_down
                0x000ac4e0                lv_af_mode
                0x000ac4e4                sensor_cleaning
                0x000ac4e8                firmware_version
                0x000ac508                image_review_time
                0x000ac50c                shooting_mode
                0x000ac510                camera_model
                0x000ac530                drive_mode
                0x000ac534                gui_state
                0x000ac538                __recording
                0x000ac53c                pic_quality
                0x000ac540                lv_dispsize
                0x000ac544                shooting_mode_custom
                0x000ac548                ext_monitor_hdmi
                0x000ac54c                icu_uilock
                0x000ac550                sound_recording_mode
                0x000ac554                efic_temp
                0x000ac558                auto_iso_range
                0x000ac55c                af_mode
                0x000ac560                battery_level_bars
                0x000ac564                video_system_pal
                0x000ac568                lv_focus_status
                0x000ac56c                hdmi_code
                0x000ac570                camera_serial
                0x000ac590                strobo_firing
                0x000ac594                _ext_monitor_rca
                0x000ac598                shooting_type
                0x000ac59c                continuous_af_photo
                0x000ac5a0                backlight_level
                0x000ac5a4                date_format
                0x000ac5a8                dofpreview
                0x000ac5ac                _expsim
 COMMON         0x000ac5b0     0x1000 imgconv.o
                0x000ac5b0                yuv2rgb_GU
                0x000ac9b0                yuv2rgb_GV
                0x000acdb0                yuv2rgb_RV
                0x000ad1b0                yuv2rgb_BU
                0x000ad5c0                . = ALIGN (0x40)
                0x000ad5c0                _bss_end = .

.stab
 *(.stab)

.stabstr
 *(.stabstr)

.stab.excl
 *(.stab.excl)

.stab.exclstr
 *(.stab.exclstr)

.stab.index
 *(.stab.index)

.stab.indexstr
 *(.stab.indexstr)

.comment        0x00000000       0xde
 *(.comment)
 .comment       0x00000000       0x6e minimal.o
                                 0x6f (size before relaxing)
 .comment       0x0000006e       0x6f cache.o
 .comment       0x0000006e       0x6f font_direct.o
 .comment       0x0000006e       0x6f raw.o
 .comment       0x0000006e       0x6f vram.o
 .comment       0x0000006e       0x6f propvalues.o
 .comment       0x0000006e       0x6f stdio.o
 .comment       0x0000006e       0x6f imgconv.o
 .comment       0x0000006e       0x6f dialog_test.o
 .comment       0x0000006e       0x70 newlib-libc.a(lib_a-memcpy-stub.o)
                                 0x71 (size before relaxing)
 .comment       0x000000de       0x71 newlib-libc.a(lib_a-memset.o)
 .comment       0x000000de       0x71 newlib-libm.a(lib_a-sf_log2.o)
 .comment       0x000000de       0x71 newlib-libm.a(lib_a-sf_round.o)
 .comment       0x000000de       0x71 newlib-libm.a(lib_a-wf_log.o)
 .comment       0x000000de       0x71 newlib-libm.a(lib_a-wf_pow.o)
 .comment       0x000000de       0x71 newlib-libm.a(lib_a-wf_sqrt.o)
 .comment       0x000000de       0x71 newlib-libm.a(lib_a-ef_log.o)
 .comment       0x000000de       0x71 newlib-libm.a(lib_a-ef_pow.o)
 .comment       0x000000de       0x71 newlib-libm.a(lib_a-ef_sqrt.o)
 .comment       0x000000de       0x71 newlib-libm.a(lib_a-sf_fabs.o)
 .comment       0x000000de       0x71 newlib-libm.a(lib_a-sf_finite.o)
 .comment       0x000000de       0x71 newlib-libm.a(lib_a-sf_fpclassify.o)
 .comment       0x000000de       0x71 newlib-libm.a(lib_a-sf_nan.o)
 .comment       0x000000de       0x71 newlib-libm.a(lib_a-sf_scalbn.o)
 .comment       0x000000de       0x71 newlib-libm.a(lib_a-s_lib_ver.o)
 .comment       0x000000de       0x71 newlib-libm.a(lib_a-s_matherr.o)
 .comment       0x000000de       0x71 newlib-libm.a(lib_a-s_nan.o)
 .comment       0x000000de       0x71 newlib-libm.a(lib_a-s_rint.o)
 .comment       0x000000de       0x71 newlib-libm.a(lib_a-sf_copysign.o)

.ARM.attributes
                0x00000000       0x27
 .ARM.attributes
                0x00000000       0x14 entry.o
 .ARM.attributes
                0x00000014       0x27 minimal.o
 .ARM.attributes
                0x0000003b       0x27 cache.o
 .ARM.attributes
                0x00000062       0x27 font_direct.o
 .ARM.attributes
                0x00000089       0x14 ../../platform/EOSM.202/stubs.o
 .ARM.attributes
                0x0000009d       0x27 raw.o
 .ARM.attributes
                0x000000c4       0x27 vram.o
 .ARM.attributes
                0x000000eb       0x27 propvalues.o
 .ARM.attributes
                0x00000112       0x27 stdio.o
 .ARM.attributes
                0x00000139       0x27 imgconv.o
 .ARM.attributes
                0x00000160       0x27 dialog_test.o
 .ARM.attributes
                0x00000187       0x14 dietlibc.a(strlen.o)
 .ARM.attributes
                0x0000019b       0x30 dietlibc.a(strchr.o)
 .ARM.attributes
                0x000001cb       0x30 newlib-libc.a(lib_a-memcpy-stub.o)
 .ARM.attributes
                0x000001fb       0x30 newlib-libc.a(lib_a-memset.o)
 .ARM.attributes
                0x0000022b       0x30 newlib-libm.a(lib_a-sf_log2.o)
 .ARM.attributes
                0x0000025b       0x30 newlib-libm.a(lib_a-sf_round.o)
 .ARM.attributes
                0x0000028b       0x30 newlib-libm.a(lib_a-wf_log.o)
 .ARM.attributes
                0x000002bb       0x30 newlib-libm.a(lib_a-wf_pow.o)
 .ARM.attributes
                0x000002eb       0x30 newlib-libm.a(lib_a-wf_sqrt.o)
 .ARM.attributes
                0x0000031b       0x30 newlib-libm.a(lib_a-ef_log.o)
 .ARM.attributes
                0x0000034b       0x30 newlib-libm.a(lib_a-ef_pow.o)
 .ARM.attributes
                0x0000037b       0x30 newlib-libm.a(lib_a-ef_sqrt.o)
 .ARM.attributes
                0x000003ab       0x30 newlib-libm.a(lib_a-sf_fabs.o)
 .ARM.attributes
                0x000003db       0x30 newlib-libm.a(lib_a-sf_finite.o)
 .ARM.attributes
                0x0000040b       0x30 newlib-libm.a(lib_a-sf_fpclassify.o)
 .ARM.attributes
                0x0000043b       0x30 newlib-libm.a(lib_a-sf_nan.o)
 .ARM.attributes
                0x0000046b       0x30 newlib-libm.a(lib_a-sf_scalbn.o)
 .ARM.attributes
                0x0000049b       0x30 newlib-libm.a(lib_a-s_lib_ver.o)
 .ARM.attributes
                0x000004cb       0x30 newlib-libm.a(lib_a-s_matherr.o)
 .ARM.attributes
                0x000004fb       0x30 newlib-libm.a(lib_a-s_nan.o)
 .ARM.attributes
                0x0000052b       0x30 newlib-libm.a(lib_a-s_rint.o)
 .ARM.attributes
                0x0000055b       0x30 newlib-libm.a(lib_a-sf_copysign.o)
 .ARM.attributes
                0x0000058b       0x18 gcc-libgcc.a(_udivsi3.o)
 .ARM.attributes
                0x000005a3       0x18 gcc-libgcc.a(_divsi3.o)
 .ARM.attributes
                0x000005bb       0x18 gcc-libgcc.a(_dvmd_tls.o)
 .ARM.attributes
                0x000005d3       0x18 gcc-libgcc.a(_arm_addsubdf3.o)
 .ARM.attributes
                0x000005eb       0x18 gcc-libgcc.a(_arm_muldivdf3.o)
 .ARM.attributes
                0x00000603       0x18 gcc-libgcc.a(_arm_cmpdf2.o)
 .ARM.attributes
                0x0000061b       0x18 gcc-libgcc.a(_arm_truncdfsf2.o)
 .ARM.attributes
                0x00000633       0x18 gcc-libgcc.a(_arm_addsubsf3.o)
 .ARM.attributes
                0x0000064b       0x18 gcc-libgcc.a(_arm_muldivsf3.o)
 .ARM.attributes
                0x00000663       0x18 gcc-libgcc.a(_arm_cmpsf2.o)
 .ARM.attributes
                0x0000067b       0x18 gcc-libgcc.a(_arm_fixsfsi.o)

.debug
 *(.debug)

.line
 *(.line)

.debug_srcinfo
 *(.debug_srcinfo)

.debug_sfnames
 *(.debug_sfnames)

.debug_aranges  0x00000000      0x380
 *(.debug_aranges)
 .debug_aranges
                0x00000000       0x20 minimal.o
 .debug_aranges
                0x00000020       0x20 cache.o
 .debug_aranges
                0x00000040       0x20 font_direct.o
 .debug_aranges
                0x00000060       0x20 raw.o
 .debug_aranges
                0x00000080       0x20 vram.o
 .debug_aranges
                0x000000a0       0x20 propvalues.o
 .debug_aranges
                0x000000c0       0x20 stdio.o
 .debug_aranges
                0x000000e0       0x20 imgconv.o
 .debug_aranges
                0x00000100       0x20 dialog_test.o
 .debug_aranges
                0x00000120       0x20 newlib-libc.a(lib_a-memcpy-stub.o)
 .debug_aranges
                0x00000140       0x20 newlib-libc.a(lib_a-memset.o)
 .debug_aranges
                0x00000160       0x20 newlib-libm.a(lib_a-sf_log2.o)
 .debug_aranges
                0x00000180       0x20 newlib-libm.a(lib_a-sf_round.o)
 .debug_aranges
                0x000001a0       0x20 newlib-libm.a(lib_a-wf_log.o)
 .debug_aranges
                0x000001c0       0x20 newlib-libm.a(lib_a-wf_pow.o)
 .debug_aranges
                0x000001e0       0x20 newlib-libm.a(lib_a-wf_sqrt.o)
 .debug_aranges
                0x00000200       0x20 newlib-libm.a(lib_a-ef_log.o)
 .debug_aranges
                0x00000220       0x20 newlib-libm.a(lib_a-ef_pow.o)
 .debug_aranges
                0x00000240       0x20 newlib-libm.a(lib_a-ef_sqrt.o)
 .debug_aranges
                0x00000260       0x20 newlib-libm.a(lib_a-sf_fabs.o)
 .debug_aranges
                0x00000280       0x20 newlib-libm.a(lib_a-sf_finite.o)
 .debug_aranges
                0x000002a0       0x20 newlib-libm.a(lib_a-sf_fpclassify.o)
 .debug_aranges
                0x000002c0       0x20 newlib-libm.a(lib_a-sf_nan.o)
 .debug_aranges
                0x000002e0       0x20 newlib-libm.a(lib_a-sf_scalbn.o)
 .debug_aranges
                0x00000300       0x20 newlib-libm.a(lib_a-s_matherr.o)
 .debug_aranges
                0x00000320       0x20 newlib-libm.a(lib_a-s_nan.o)
 .debug_aranges
                0x00000340       0x20 newlib-libm.a(lib_a-s_rint.o)
 .debug_aranges
                0x00000360       0x20 newlib-libm.a(lib_a-sf_copysign.o)

.debug_pubnames
 *(.debug_pubnames)

.debug_info     0x00000000     0xcb95
 *(.debug_info .gnu.linkonce.wi.*)
 .debug_info    0x00000000     0x15c6 minimal.o
 .debug_info    0x000015c6      0x22c cache.o
 .debug_info    0x000017f2      0x293 font_direct.o
 .debug_info    0x00001a85     0x477d raw.o
 .debug_info    0x00006202      0xc48 vram.o
 .debug_info    0x00006e4a     0x1c2e propvalues.o
 .debug_info    0x00008a78      0x891 stdio.o
 .debug_info    0x00009309      0xcae imgconv.o
 .debug_info    0x00009fb7      0xe6a dialog_test.o
 .debug_info    0x0000ae21      0x130 newlib-libc.a(lib_a-memcpy-stub.o)
 .debug_info    0x0000af51      0x116 newlib-libc.a(lib_a-memset.o)
 .debug_info    0x0000b067       0xbb newlib-libm.a(lib_a-sf_log2.o)
 .debug_info    0x0000b122      0x14a newlib-libm.a(lib_a-sf_round.o)
 .debug_info    0x0000b26c      0x17f newlib-libm.a(lib_a-wf_log.o)
 .debug_info    0x0000b3eb      0x18c newlib-libm.a(lib_a-wf_pow.o)
 .debug_info    0x0000b577      0x17f newlib-libm.a(lib_a-wf_sqrt.o)
 .debug_info    0x0000b6f6      0x29a newlib-libm.a(lib_a-ef_log.o)
 .debug_info    0x0000b990      0x57e newlib-libm.a(lib_a-ef_pow.o)
 .debug_info    0x0000bf0e      0x1aa newlib-libm.a(lib_a-ef_sqrt.o)
 .debug_info    0x0000c0b8       0xc4 newlib-libm.a(lib_a-sf_fabs.o)
 .debug_info    0x0000c17c       0xc8 newlib-libm.a(lib_a-sf_finite.o)
 .debug_info    0x0000c244       0xc6 newlib-libm.a(lib_a-sf_fpclassify.o)
 .debug_info    0x0000c30a       0xca newlib-libm.a(lib_a-sf_nan.o)
 .debug_info    0x0000c3d4      0x1d7 newlib-libm.a(lib_a-sf_scalbn.o)
 .debug_info    0x0000c5ab       0xc1 newlib-libm.a(lib_a-s_lib_ver.o)
 .debug_info    0x0000c66c      0x131 newlib-libm.a(lib_a-s_matherr.o)
 .debug_info    0x0000c79d       0xcd newlib-libm.a(lib_a-s_nan.o)
 .debug_info    0x0000c86a      0x209 newlib-libm.a(lib_a-s_rint.o)
 .debug_info    0x0000ca73      0x122 newlib-libm.a(lib_a-sf_copysign.o)

.debug_abbrev   0x00000000     0x2915
 *(.debug_abbrev)
 .debug_abbrev  0x00000000      0x44a minimal.o
 .debug_abbrev  0x0000044a      0x116 cache.o
 .debug_abbrev  0x00000560      0x145 font_direct.o
 .debug_abbrev  0x000006a5      0x72b raw.o
 .debug_abbrev  0x00000dd0      0x3ca vram.o
 .debug_abbrev  0x0000119a      0x334 propvalues.o
 .debug_abbrev  0x000014ce      0x1e8 stdio.o
 .debug_abbrev  0x000016b6      0x31e imgconv.o
 .debug_abbrev  0x000019d4      0x1df dialog_test.o
 .debug_abbrev  0x00001bb3       0x99 newlib-libc.a(lib_a-memcpy-stub.o)
 .debug_abbrev  0x00001c4c       0x8d newlib-libc.a(lib_a-memset.o)
 .debug_abbrev  0x00001cd9       0x5d newlib-libm.a(lib_a-sf_log2.o)
 .debug_abbrev  0x00001d36       0xb6 newlib-libm.a(lib_a-sf_round.o)
 .debug_abbrev  0x00001dec       0xcf newlib-libm.a(lib_a-wf_log.o)
 .debug_abbrev  0x00001ebb       0xcf newlib-libm.a(lib_a-wf_pow.o)
 .debug_abbrev  0x00001f8a       0xcf newlib-libm.a(lib_a-wf_sqrt.o)
 .debug_abbrev  0x00002059       0xf7 newlib-libm.a(lib_a-ef_log.o)
 .debug_abbrev  0x00002150      0x130 newlib-libm.a(lib_a-ef_pow.o)
 .debug_abbrev  0x00002280       0xe1 newlib-libm.a(lib_a-ef_sqrt.o)
 .debug_abbrev  0x00002361       0x6a newlib-libm.a(lib_a-sf_fabs.o)
 .debug_abbrev  0x000023cb       0x6c newlib-libm.a(lib_a-sf_finite.o)
 .debug_abbrev  0x00002437       0x6c newlib-libm.a(lib_a-sf_fpclassify.o)
 .debug_abbrev  0x000024a3       0x6f newlib-libm.a(lib_a-sf_nan.o)
 .debug_abbrev  0x00002512       0xd9 newlib-libm.a(lib_a-sf_scalbn.o)
 .debug_abbrev  0x000025eb       0x53 newlib-libm.a(lib_a-s_lib_ver.o)
 .debug_abbrev  0x0000263e       0x97 newlib-libm.a(lib_a-s_matherr.o)
 .debug_abbrev  0x000026d5       0x6f newlib-libm.a(lib_a-s_nan.o)
 .debug_abbrev  0x00002744      0x11b newlib-libm.a(lib_a-s_rint.o)
 .debug_abbrev  0x0000285f       0xb6 newlib-libm.a(lib_a-sf_copysign.o)

.debug_line     0x00000000     0x520b
 *(.debug_line .debug_line.* .debug_line_end)
 .debug_line    0x00000000      0x5bb minimal.o
 .debug_line    0x000005bb      0x34e cache.o
 .debug_line    0x00000909      0x42d font_direct.o
 .debug_line    0x00000d36      0xf92 raw.o
 .debug_line    0x00001cc8      0x7fd vram.o
 .debug_line    0x000024c5      0x70d propvalues.o
 .debug_line    0x00002bd2      0x573 stdio.o
 .debug_line    0x00003145      0x721 imgconv.o
 .debug_line    0x00003866      0x545 dialog_test.o
 .debug_line    0x00003dab      0x197 newlib-libc.a(lib_a-memcpy-stub.o)
 .debug_line    0x00003f42      0x181 newlib-libc.a(lib_a-memset.o)
 .debug_line    0x000040c3       0x96 newlib-libm.a(lib_a-sf_log2.o)
 .debug_line    0x00004159      0x109 newlib-libm.a(lib_a-sf_round.o)
 .debug_line    0x00004262       0xc7 newlib-libm.a(lib_a-wf_log.o)
 .debug_line    0x00004329      0x15c newlib-libm.a(lib_a-wf_pow.o)
 .debug_line    0x00004485       0xb5 newlib-libm.a(lib_a-wf_sqrt.o)
 .debug_line    0x0000453a      0x17a newlib-libm.a(lib_a-ef_log.o)
 .debug_line    0x000046b4      0x23c newlib-libm.a(lib_a-ef_pow.o)
 .debug_line    0x000048f0      0x11b newlib-libm.a(lib_a-ef_sqrt.o)
 .debug_line    0x00004a0b       0xe0 newlib-libm.a(lib_a-sf_fabs.o)
 .debug_line    0x00004aeb       0xe5 newlib-libm.a(lib_a-sf_finite.o)
 .debug_line    0x00004bd0       0xf7 newlib-libm.a(lib_a-sf_fpclassify.o)
 .debug_line    0x00004cc7       0x92 newlib-libm.a(lib_a-sf_nan.o)
 .debug_line    0x00004d59      0x118 newlib-libm.a(lib_a-sf_scalbn.o)
 .debug_line    0x00004e71       0x57 newlib-libm.a(lib_a-s_lib_ver.o)
 .debug_line    0x00004ec8       0x98 newlib-libm.a(lib_a-s_matherr.o)
 .debug_line    0x00004f60       0x93 newlib-libm.a(lib_a-s_nan.o)
 .debug_line    0x00004ff3      0x125 newlib-libm.a(lib_a-s_rint.o)
 .debug_line    0x00005118       0xf3 newlib-libm.a(lib_a-sf_copysign.o)

.debug_frame    0x00000000     0x1588
 *(.debug_frame)
 .debug_frame   0x00000000      0x278 minimal.o
 .debug_frame   0x00000278       0x20 cache.o
 .debug_frame   0x00000298       0x3c font_direct.o
 .debug_frame   0x000002d4      0x650 raw.o
 .debug_frame   0x00000924      0x1fc vram.o
 .debug_frame   0x00000b20      0x36c propvalues.o
 .debug_frame   0x00000e8c      0x188 stdio.o
 .debug_frame   0x00001014      0x1a8 imgconv.o
 .debug_frame   0x000011bc       0x70 dialog_test.o
 .debug_frame   0x0000122c       0x30 newlib-libc.a(lib_a-memcpy-stub.o)
 .debug_frame   0x0000125c       0x30 newlib-libc.a(lib_a-memset.o)
 .debug_frame   0x0000128c       0x28 newlib-libm.a(lib_a-sf_log2.o)
 .debug_frame   0x000012b4       0x28 newlib-libm.a(lib_a-sf_round.o)
 .debug_frame   0x000012dc       0x30 newlib-libm.a(lib_a-wf_log.o)
 .debug_frame   0x0000130c       0x34 newlib-libm.a(lib_a-wf_pow.o)
 .debug_frame   0x00001340       0x30 newlib-libm.a(lib_a-wf_sqrt.o)
 .debug_frame   0x00001370       0x34 newlib-libm.a(lib_a-ef_log.o)
 .debug_frame   0x000013a4       0x38 newlib-libm.a(lib_a-ef_pow.o)
 .debug_frame   0x000013dc       0x30 newlib-libm.a(lib_a-ef_sqrt.o)
 .debug_frame   0x0000140c       0x20 newlib-libm.a(lib_a-sf_fabs.o)
 .debug_frame   0x0000142c       0x20 newlib-libm.a(lib_a-sf_finite.o)
 .debug_frame   0x0000144c       0x20 newlib-libm.a(lib_a-sf_fpclassify.o)
 .debug_frame   0x0000146c       0x20 newlib-libm.a(lib_a-sf_nan.o)
 .debug_frame   0x0000148c       0x28 newlib-libm.a(lib_a-sf_scalbn.o)
 .debug_frame   0x000014b4       0x20 newlib-libm.a(lib_a-s_matherr.o)
 .debug_frame   0x000014d4       0x20 newlib-libm.a(lib_a-s_nan.o)
 .debug_frame   0x000014f4       0x34 newlib-libm.a(lib_a-s_rint.o)
 .debug_frame   0x00001528       0x20 newlib-libm.a(lib_a-sf_copysign.o)
 .debug_frame   0x00001548       0x20 gcc-libgcc.a(_udivsi3.o)
 .debug_frame   0x00001568       0x20 gcc-libgcc.a(_divsi3.o)

.debug_str      0x00000000    0x1891e
 *(.debug_str)
 .debug_str     0x00000000    0x1342e minimal.o
                              0x1376e (size before relaxing)
 .debug_str     0x0001342e       0x4d cache.o
                               0x6d78 (size before relaxing)
 .debug_str     0x0001347b      0x223 font_direct.o
                               0x93c6 (size before relaxing)
 .debug_str     0x0001369e     0x3258 raw.o
                              0x167c3 (size before relaxing)
 .debug_str     0x000168f6      0x4ff vram.o
                              0x129f0 (size before relaxing)
 .debug_str     0x00016df5      0xc38 propvalues.o
                              0x1325e (size before relaxing)
 .debug_str     0x00017a2d       0xb0 stdio.o
                               0xe9fc (size before relaxing)
 .debug_str     0x00017add      0x1a5 imgconv.o
                               0xfd6f (size before relaxing)
 .debug_str     0x00017c82      0x63b dialog_test.o
                              0x13686 (size before relaxing)
 .debug_str     0x000182bd       0xe9 newlib-libc.a(lib_a-memcpy-stub.o)
                                0x180 (size before relaxing)
 .debug_str     0x000183a6       0x74 newlib-libc.a(lib_a-memset.o)
                                0x15b (size before relaxing)
 .debug_str     0x0001841a       0x70 newlib-libm.a(lib_a-sf_log2.o)
                                0x161 (size before relaxing)
 .debug_str     0x0001848a       0x74 newlib-libm.a(lib_a-sf_round.o)
                                0x1b4 (size before relaxing)
 .debug_str     0x000184fe       0x7e newlib-libm.a(lib_a-wf_log.o)
                                0x1d3 (size before relaxing)
 .debug_str     0x0001857c       0x28 newlib-libm.a(lib_a-wf_pow.o)
                                0x1d3 (size before relaxing)
 .debug_str     0x000185a4       0x29 newlib-libm.a(lib_a-wf_sqrt.o)
                                0x1d5 (size before relaxing)
 .debug_str     0x000185cd       0x5a newlib-libm.a(lib_a-ef_log.o)
                                0x1bb (size before relaxing)
 .debug_str     0x00018627       0x84 newlib-libm.a(lib_a-ef_pow.o)
                                0x1ef (size before relaxing)
 .debug_str     0x000186ab       0x39 newlib-libm.a(lib_a-ef_sqrt.o)
                                0x19f (size before relaxing)
 .debug_str     0x000186e4       0x2f newlib-libm.a(lib_a-sf_fabs.o)
                                0x160 (size before relaxing)
 .debug_str     0x00018713       0x35 newlib-libm.a(lib_a-sf_finite.o)
                                0x167 (size before relaxing)
 .debug_str     0x00018748       0x3f newlib-libm.a(lib_a-sf_fpclassify.o)
                                0x172 (size before relaxing)
 .debug_str     0x00018787       0x36 newlib-libm.a(lib_a-sf_nan.o)
                                0x15e (size before relaxing)
 .debug_str     0x000187bd       0x3c newlib-libm.a(lib_a-sf_scalbn.o)
                                0x1b4 (size before relaxing)
 .debug_str     0x000187f9       0x2d newlib-libm.a(lib_a-s_lib_ver.o)
                                0x1b0 (size before relaxing)
 .debug_str     0x00018826       0x35 newlib-libm.a(lib_a-s_matherr.o)
                                0x182 (size before relaxing)
 .debug_str     0x0001885b       0x29 newlib-libm.a(lib_a-s_nan.o)
                                0x158 (size before relaxing)
 .debug_str     0x00018884       0x61 newlib-libm.a(lib_a-s_rint.o)
                                0x1a4 (size before relaxing)
 .debug_str     0x000188e5       0x39 newlib-libm.a(lib_a-sf_copysign.o)
                                0x192 (size before relaxing)

.debug_loc      0x00000000     0x89c2
 *(.debug_loc)
 .debug_loc     0x00000000      0x323 minimal.o
 .debug_loc     0x00000323       0x50 cache.o
 .debug_loc     0x00000373      0x1cd font_direct.o
 .debug_loc     0x00000540     0x3aa4 raw.o
 .debug_loc     0x00003fe4      0x26d vram.o
 .debug_loc     0x00004251      0xf32 propvalues.o
 .debug_loc     0x00005183      0x522 stdio.o
 .debug_loc     0x000056a5     0x166c imgconv.o
 .debug_loc     0x00006d11       0x6d dialog_test.o
 .debug_loc     0x00006d7e      0x1ed newlib-libc.a(lib_a-memcpy-stub.o)
 .debug_loc     0x00006f6b      0x227 newlib-libc.a(lib_a-memset.o)
 .debug_loc     0x00007192       0x33 newlib-libm.a(lib_a-sf_log2.o)
 .debug_loc     0x000071c5      0x16e newlib-libm.a(lib_a-sf_round.o)
 .debug_loc     0x00007333       0x68 newlib-libm.a(lib_a-wf_log.o)
 .debug_loc     0x0000739b      0x10b newlib-libm.a(lib_a-wf_pow.o)
 .debug_loc     0x000074a6       0x68 newlib-libm.a(lib_a-wf_sqrt.o)
 .debug_loc     0x0000750e      0x3b2 newlib-libm.a(lib_a-ef_log.o)
 .debug_loc     0x000078c0      0xa9a newlib-libm.a(lib_a-ef_pow.o)
 .debug_loc     0x0000835a      0x1ee newlib-libm.a(lib_a-ef_sqrt.o)
 .debug_loc     0x00008548       0x13 newlib-libm.a(lib_a-sf_fabs.o)
 .debug_loc     0x0000855b       0x39 newlib-libm.a(lib_a-sf_finite.o)
 .debug_loc     0x00008594       0x13 newlib-libm.a(lib_a-sf_fpclassify.o)
 .debug_loc     0x000085a7       0x13 newlib-libm.a(lib_a-sf_nan.o)
 .debug_loc     0x000085ba      0x17d newlib-libm.a(lib_a-sf_scalbn.o)
 .debug_loc     0x00008737       0x13 newlib-libm.a(lib_a-s_matherr.o)
 .debug_loc     0x0000874a       0x13 newlib-libm.a(lib_a-s_nan.o)
 .debug_loc     0x0000875d      0x23f newlib-libm.a(lib_a-s_rint.o)
 .debug_loc     0x0000899c       0x26 newlib-libm.a(lib_a-sf_copysign.o)

.debug_macinfo
 *(.debug_macinfo)

.debug_weaknames
 *(.debug_weaknames)

.debug_funcnames
 *(.debug_funcnames)

.debug_typenames
 *(.debug_typenames)

.debug_varnames
 *(.debug_varnames)

.debug_pubtypes
 *(.debug_pubtypes)

.debug_ranges   0x00000000      0xa98
 *(.debug_ranges)
 .debug_ranges  0x00000000       0x30 minimal.o
 .debug_ranges  0x00000030       0x70 font_direct.o
 .debug_ranges  0x000000a0      0x820 raw.o
 .debug_ranges  0x000008c0       0x50 vram.o
 .debug_ranges  0x00000910       0x18 stdio.o
 .debug_ranges  0x00000928      0x108 imgconv.o
 .debug_ranges  0x00000a30       0x38 newlib-libm.a(lib_a-ef_pow.o)
 .debug_ranges  0x00000a68       0x18 newlib-libm.a(lib_a-sf_scalbn.o)
 .debug_ranges  0x00000a80       0x18 newlib-libm.a(lib_a-s_rint.o)

.debug_macro    0x00000000     0x686a
 *(.debug_macro)
 .debug_macro   0x00000000      0x366 minimal.o
 .debug_macro   0x00000366      0x87a minimal.o
 .debug_macro   0x00000be0       0x22 minimal.o
 .debug_macro   0x00000c02       0xd3 minimal.o
 .debug_macro   0x00000cd5      0x2ad minimal.o
 .debug_macro   0x00000f82       0x9a minimal.o
 .debug_macro   0x0000101c       0x3a minimal.o
 .debug_macro   0x00001056       0x10 minimal.o
 .debug_macro   0x00001066       0x22 minimal.o
 .debug_macro   0x00001088       0x87 minimal.o
 .debug_macro   0x0000110f       0x44 minimal.o
 .debug_macro   0x00001153       0xfd minimal.o
 .debug_macro   0x00001250       0x5e minimal.o
 .debug_macro   0x000012ae      0x1df minimal.o
 .debug_macro   0x0000148d       0x52 minimal.o
 .debug_macro   0x000014df      0x16d minimal.o
 .debug_macro   0x0000164c      0x330 minimal.o
 .debug_macro   0x0000197c       0x25 minimal.o
 .debug_macro   0x000019a1      0x118 minimal.o
 .debug_macro   0x00001ab9       0x35 minimal.o
 .debug_macro   0x00001aee       0x9c minimal.o
 .debug_macro   0x00001b8a       0x10 minimal.o
 .debug_macro   0x00001b9a       0x52 minimal.o
 .debug_macro   0x00001bec       0x1f minimal.o
 .debug_macro   0x00001c0b       0x43 minimal.o
 .debug_macro   0x00001c4e       0x20 minimal.o
 .debug_macro   0x00001c6e       0x1c minimal.o
 .debug_macro   0x00001c8a       0x52 minimal.o
 .debug_macro   0x00001cdc       0x40 minimal.o
 .debug_macro   0x00001d1c       0x10 minimal.o
 .debug_macro   0x00001d2c       0x40 minimal.o
 .debug_macro   0x00001d6c       0xd7 minimal.o
 .debug_macro   0x00001e43       0x8e minimal.o
 .debug_macro   0x00001ed1       0x97 minimal.o
 .debug_macro   0x00001f68      0x2e6 minimal.o
 .debug_macro   0x0000224e       0xe8 minimal.o
 .debug_macro   0x00002336       0x22 minimal.o
 .debug_macro   0x00002358      0x2da minimal.o
 .debug_macro   0x00002632       0xba minimal.o
 .debug_macro   0x000026ec      0x330 minimal.o
 .debug_macro   0x00002a1c       0x10 minimal.o
 .debug_macro   0x00002a2c       0x16 minimal.o
 .debug_macro   0x00002a42       0x20 minimal.o
 .debug_macro   0x00002a62       0xd6 minimal.o
 .debug_macro   0x00002b38       0xff minimal.o
 .debug_macro   0x00002c37       0x58 minimal.o
 .debug_macro   0x00002c8f       0x16 minimal.o
 .debug_macro   0x00002ca5       0xd0 minimal.o
 .debug_macro   0x00002d75       0x16 minimal.o
 .debug_macro   0x00002d8b       0x35 minimal.o
 .debug_macro   0x00002dc0      0x187 minimal.o
 .debug_macro   0x00002f47       0x16 minimal.o
 .debug_macro   0x00002f5d      0x18b minimal.o
 .debug_macro   0x000030e8       0xa6 minimal.o
 .debug_macro   0x0000318e       0xa0 minimal.o
 .debug_macro   0x0000322e       0x7b minimal.o
 .debug_macro   0x000032a9       0x10 minimal.o
 .debug_macro   0x000032b9       0x10 minimal.o
 .debug_macro   0x000032c9      0x440 minimal.o
 .debug_macro   0x00003709      0x7f5 minimal.o
 .debug_macro   0x00003efe      0x100 minimal.o
 .debug_macro   0x00003ffe      0x3ff minimal.o
 .debug_macro   0x000043fd       0x16 minimal.o
 .debug_macro   0x00004413       0x58 minimal.o
 .debug_macro   0x0000446b      0x1a5 cache.o
 .debug_macro   0x00004610      0x261 font_direct.o
 .debug_macro   0x00004871       0x4c font_direct.o
 .debug_macro   0x000048bd       0x8d font_direct.o
 .debug_macro   0x0000494a       0x4a font_direct.o
 .debug_macro   0x00004994       0x10 font_direct.o
 .debug_macro   0x000049a4       0x16 font_direct.o
 .debug_macro   0x000049ba       0x16 font_direct.o
 .debug_macro   0x000049d0       0x29 font_direct.o
 .debug_macro   0x000049f9       0x1c font_direct.o
 .debug_macro   0x00004a15       0x10 font_direct.o
 .debug_macro   0x00004a25       0x52 font_direct.o
 .debug_macro   0x00004a77       0x2b font_direct.o
 .debug_macro   0x00004aa2      0x46c raw.o
 .debug_macro   0x00004f0e      0x1e1 raw.o
 .debug_macro   0x000050ef      0x405 raw.o
 .debug_macro   0x000054f4      0x2be raw.o
 .debug_macro   0x000057b2       0x28 raw.o
 .debug_macro   0x000057da       0x2e raw.o
 .debug_macro   0x00005808      0x344 vram.o
 .debug_macro   0x00005b4c       0x11 vram.o
 .debug_macro   0x00005b5d       0x3a vram.o
 .debug_macro   0x00005b97      0x34a propvalues.o
 .debug_macro   0x00005ee1      0x2f5 stdio.o
 .debug_macro   0x000061d6      0x31f imgconv.o
 .debug_macro   0x000064f5      0x33b dialog_test.o
 .debug_macro   0x00006830       0x3a dialog_test.o
LOAD entry.o
LOAD minimal.o
LOAD cache.o
LOAD font_direct.o
LOAD ../../platform/EOSM.202/stubs.o
LOAD raw.o
LOAD vram.o
LOAD propvalues.o
LOAD stdio.o
LOAD imgconv.o
LOAD dialog_test.o
LOAD dietlibc.a
LOAD newlib-libc.a
LOAD newlib-libm.a
LOAD gcc-libgcc.a
OUTPUT(magiclantern elf32-littlearm)
