Archive member included to satisfy reference by file (symbol)

dietlibc.a(strrchr.o)         ../../tcc/libtccx.o (strrchr)
dietlibc.a(strncpy.o)         fio-ml.o (strncpy)
dietlibc.a(strlen.o)          fio-ml.o (strlen)
dietlibc.a(strncmp.o)         fio-ml.o (strncmp)
dietlibc.a(strcpy.o)          backtrace.o (strcpy)
dietlibc.a(strcmp.o)          rbf_font.o (strcmp)
dietlibc.a(strcasecmp.o)      (strcasecmp)
dietlibc.a(strtoull.o)        ../../tcc/libtccx.o (strtoull)
dietlibc.a(strtol.o)          menu.o (strtol)
dietlibc.a(strtoul.o)         ../../tcc/libtccx.o (strtoul)
dietlibc.a(strchr.o)          fio-ml.o (strchr)
dietlibc.a(strstr.o)          (strstr)
dietlibc.a(memcmp.o)          ../../tcc/libtccx.o (memcmp)
dietlibc.a(memmove.o)         (memmove)
dietlibc.a(atol.o)            config.o (atoi)
dietlibc.a(errno.o)           dietlibc.a(strtoull.o) (errno)
dietlibc.a(errno_location.o)  dietlibc.a(strtol.o) (__errno_location)
newlib-libc.a(lib_a-setjmp.o)
                              ../../tcc/libtccx.o (longjmp)
newlib-libc.a(lib_a-memcpy-stub.o)
                              boot-hack.o (memcpy)
newlib-libc.a(lib_a-memccpy.o)
                              dietlibc.a(strncpy.o) (memccpy)
newlib-libc.a(lib_a-memset.o)
                              mem.o (memset)
newlib-libm.a(lib_a-sf_ceil.o)
                              (ceilf)
newlib-libm.a(lib_a-sf_cos.o)
                              chdk-gui_draw.o (cosf)
newlib-libm.a(lib_a-sf_frexp.o)
                              (frexpf)
newlib-libm.a(lib_a-sf_log2.o)
                              (log2f)
newlib-libm.a(lib_a-sf_round.o)
                              menu.o (roundf)
newlib-libm.a(lib_a-sf_sin.o)
                              chdk-gui_draw.o (sinf)
newlib-libm.a(lib_a-sf_tan.o)
                              (tanf)
newlib-libm.a(lib_a-wf_acos.o)
                              (acosf)
newlib-libm.a(lib_a-wf_asin.o)
                              (asinf)
newlib-libm.a(lib_a-wf_atan2.o)
                              (atan2f)
newlib-libm.a(lib_a-wf_exp.o)
                              (expf)
newlib-libm.a(lib_a-wf_fmod.o)
                              (fmodf)
newlib-libm.a(lib_a-wf_log10.o)
                              (log10f)
newlib-libm.a(lib_a-wf_log.o)
                              newlib-libm.a(lib_a-sf_log2.o) (logf)
newlib-libm.a(lib_a-wf_pow.o)
                              menu.o (powf)
newlib-libm.a(lib_a-wf_sqrt.o)
                              focus.o (sqrtf)
newlib-libm.a(lib_a-ef_acos.o)
                              newlib-libm.a(lib_a-wf_acos.o) (__ieee754_acosf)
newlib-libm.a(lib_a-ef_asin.o)
                              newlib-libm.a(lib_a-wf_asin.o) (__ieee754_asinf)
newlib-libm.a(lib_a-ef_atan2.o)
                              newlib-libm.a(lib_a-wf_atan2.o) (__ieee754_atan2f)
newlib-libm.a(lib_a-ef_exp.o)
                              newlib-libm.a(lib_a-wf_exp.o) (__ieee754_expf)
newlib-libm.a(lib_a-ef_fmod.o)
                              newlib-libm.a(lib_a-wf_fmod.o) (__ieee754_fmodf)
newlib-libm.a(lib_a-ef_log10.o)
                              newlib-libm.a(lib_a-wf_log10.o) (__ieee754_log10f)
newlib-libm.a(lib_a-ef_log.o)
                              newlib-libm.a(lib_a-wf_log.o) (__ieee754_logf)
newlib-libm.a(lib_a-ef_pow.o)
                              newlib-libm.a(lib_a-wf_pow.o) (__ieee754_powf)
newlib-libm.a(lib_a-ef_rem_pio2.o)
                              newlib-libm.a(lib_a-sf_cos.o) (__ieee754_rem_pio2f)
newlib-libm.a(lib_a-ef_sqrt.o)
                              newlib-libm.a(lib_a-wf_sqrt.o) (__ieee754_sqrtf)
newlib-libm.a(lib_a-kf_cos.o)
                              newlib-libm.a(lib_a-sf_cos.o) (__kernel_cosf)
newlib-libm.a(lib_a-kf_rem_pio2.o)
                              newlib-libm.a(lib_a-ef_rem_pio2.o) (__kernel_rem_pio2f)
newlib-libm.a(lib_a-kf_sin.o)
                              newlib-libm.a(lib_a-sf_cos.o) (__kernel_sinf)
newlib-libm.a(lib_a-kf_tan.o)
                              newlib-libm.a(lib_a-sf_tan.o) (__kernel_tanf)
newlib-libm.a(lib_a-sf_atan.o)
                              newlib-libm.a(lib_a-ef_atan2.o) (atanf)
newlib-libm.a(lib_a-sf_fabs.o)
                              newlib-libm.a(lib_a-wf_acos.o) (fabsf)
newlib-libm.a(lib_a-sf_finite.o)
                              newlib-libm.a(lib_a-wf_exp.o) (finitef)
newlib-libm.a(lib_a-sf_floor.o)
                              newlib-libm.a(lib_a-kf_rem_pio2.o) (floorf)
newlib-libm.a(lib_a-sf_fpclassify.o)
                              newlib-libm.a(lib_a-wf_acos.o) (__fpclassifyf)
newlib-libm.a(lib_a-sf_nan.o)
                              newlib-libm.a(lib_a-ef_pow.o) (nanf)
newlib-libm.a(lib_a-sf_scalbn.o)
                              newlib-libm.a(lib_a-ef_pow.o) (scalbnf)
newlib-libm.a(lib_a-s_lib_ver.o)
                              newlib-libm.a(lib_a-wf_acos.o) (__fdlib_version)
newlib-libm.a(lib_a-s_matherr.o)
                              newlib-libm.a(lib_a-wf_acos.o) (matherr)
[...]
Memory Configuration

Name             Origin             Length             Attributes
*default*        0x00000000         0xffffffff

Linker script and memory map

                0x0009e1e0                . = 0x9e1e0

.text           0x0009e1e0    0x55378
                0x0009e1e0                _text_start = .
 *(.text)
 .text          0x0009e1e0        0x4 entry.o
                0x0009e1e0                _start
 .text          0x0009e1e4        0x0 ../../platform/EOSM.202/stubs.o
 .text          0x0009e1e4        0x0 version.o
 *fill*         0x0009e1e4        0xc 
 .text          0x0009e1f0      0x37c backtrace.o
                0x0009e1f0                eos_backtrace_rebuild
                0x0009e530                backtrace_print
                0x0009e558                backtrace_getstr
 *fill*         0x0009e56c        0x4 
 .text          0x0009e570      0x76c boot-hack.o
                0x0009e98c                copy_and_restart
                0x0009ebd8                magic_is_off
                0x0009ebe8                _disable_ml_startup
                0x0009ebfc                hold_your_horses
                0x0009ec24                get_assert_msg
                0x0009ec30                ml_assert_handler
                0x0009ecb0                ml_crash_message
 *fill*         0x0009ecdc        0x4 
 .text          0x0009ece0      0xb54 fio-ml.o
                0x0009ef1c                get_ml_card
                0x0009ef2c                get_shooting_card
                0x0009ef3c                get_card
                0x0009ef7c                get_free_space_32k
                0x0009efa0                _card_tweaks
                0x0009efa4                get_dcim_dir_suffix
                0x0009efb0                get_dcim_dir
                0x0009effc                FIO_OpenFile
                0x0009f030                FIO_GetFileSize
                0x0009f05c                FIO_RemoveFile
                0x0009f080                FIO_FindFirstEx
                0x0009f0ac                FIO_RenameFile
                0x0009f0e4                FIO_GetFileSize_direct
                0x0009f118                FIO_ReadFile
                0x0009f218                FIO_WriteFile
                0x0009f248                is_file
                0x0009f26c                is_dir
                0x0009f298                _find_ml_card
                0x0009f360                FIO_CreateDirectory
                0x0009f408                FIO_CreateFile
                0x0009f48c                FIO_CreateFileOrAppend
                0x0009f4d8                FIO_CopyFile
                0x0009f5b0                FIO_MoveFile
                0x0009f5d4                get_numbered_file_name
                0x0009f654                dump_seg
                0x0009f688                dump_big_seg
                0x0009f700                read_file
                0x0009f744                read_entire_file
                0x0009f7d8                my_fprintf
 *fill*         0x0009f834        0xc 
 .text          0x0009f840     0x2320 mem.o
                0x0009f848                GetFreeMemForMalloc
                0x0009f86c                GetFreeMemForAllocateMemory
                0x000a01a8                __priv_malloc
                0x000a01ac                __priv_free
                0x000a01b0                __priv_AllocateMemory
                0x000a01b4                __priv_FreeMemory
                0x000a01b8                __priv_alloc_dma_memory
                0x000a01bc                __priv_free_dma_memory
                0x000a01c0                __priv_shoot_malloc
                0x000a01c4                __priv_shoot_free
                0x000a01c8                format_memory_size
                0x000a150c                __mem_malloc
                0x000a17f4                __mem_free
                0x000a19f0                shoot_malloc_suite
                0x000a1a28                shoot_free_suite
                0x000a1a58                srm_malloc_suite
                0x000a1a90                srm_free_suite
                0x000a1ac0                shoot_malloc_suite_contig
                0x000a1af8                _mem_init
                0x000a1b48                mem_menu_init
 .text          0x000a1b60        0x0 ico.o
 .text          0x000a1b60      0x588 edmac.o
                0x000a1b68                edmac_index_to_channel
                0x000a1ba8                edmac_get_dir
                0x000a1be0                edmac_channel_to_index
                0x000a1c7c                edmac_get_base
                0x000a1cc8                edmac_get_channel
                0x000a1d24                edmac_get_state
                0x000a1d44                edmac_get_flags
                0x000a1d68                edmac_get_address
                0x000a1d8c                edmac_get_pointer
                0x000a1dac                edmac_get_length
                0x000a1dd0                edmac_get_connection
                0x000a1e88                edmac_fix_off1
                0x000a1e94                edmac_fix_off2
                0x000a1e98                edmac_get_info
                0x000a1fb8                edmac_get_total_size
                0x000a204c                edmac_bytes_per_transfer
 *fill*         0x000a20e8        0x8 
 .text          0x000a20f0     0x8c84 menu.o
                0x000a2478                menu_open_submenu
                0x000a5880                get_menu_edit_mode
                0x000a5890                menu_set_dirty
                0x000a58a4                menu_enable_lv_transparent_mode
                0x000a58d0                menu_disable_lv_transparent_mode
                0x000a58e4                menu_get_root
                0x000a58f4                menu_numeric_toggle
                0x000a59dc                menu_numeric_toggle_time
                0x000a5d28                menu_add
                0x000a5d68                customize_menu_init
                0x000a5df8                menu_remove
                0x000a5fcc                menu_redraw
                0x000a602c                menu_redraw_flood
                0x000a60d8                handle_ml_menu_keyrepeat
                0x000a6148                keyrepeat_ack
                0x000a6168                handle_ml_menu_touch
                0x000a61d8                menu_init
                0x000a6378                gui_menu_shown
                0x000a6388                is_submenu_or_edit_mode_active
                0x000a63c4                is_menu_help_active
                0x000a63ec                menu_active_but_hidden
                0x000a6414                menu_active_and_not_hidden
                0x000a645c                gui_stop_menu
                0x000a6978                run_in_separate_task
                0x000a69d8                gui_open_menu
                0x000a69fc                is_menu_entry_selected
                0x000a6a54                is_menu_selected
                0x000a6a8c                is_menu_active
                0x000a8270                select_menu
                0x000a82e4                select_menu_by_name
                0x000a8fe8                menu_benchmark
                0x000a9198                handle_ml_menu_erase
                0x000a923c                handle_longpress_events
                0x000a933c                menu_close_submenu
                0x000a9364                menu_toggle_submenu
                0x000a9a30                handle_ml_menu_keys
                0x000aa2cc                handle_quick_access_menu_items
                0x000aa2d4                config_menu_save_flags
                0x000aa4d8                menu_get_value_from_script
                0x000aa530                menu_get_str_value_from_script
                0x000aa578                menu_set_str_value_from_script
                0x000aab34                menu_set_value_from_script
                0x000aac24                menu_request_image_backend
                0x000aacc0                menu_advanced_toggle
                0x000aacf0                menu_advanced_update
 *fill*         0x000aad74        0xc 
 .text          0x000aad80     0x17f8 debug.o
                0x000ab940                _card_led_on
                0x000ab958                _card_led_off
                0x000ab970                info_led_on
                0x000ab988                info_led_off
                0x000ab9a0                info_led_blink
                0x000ac10c                scan_A5A5
                0x000ac258                request_crash_log
                0x000ac268                request_core_dump
                0x000ac284                menu_kill_flicker
                0x000ac294                debug_init
                0x000ac298                debug_init_stuff
                0x000ac2b0                handle_keep_ml_after_format_toggle
                0x000ac324                debug_menu_init
                0x000ac36c                spy_event
                0x000ac3cc                get_halfshutter_pressed
                0x000ac3f4                get_zoom_out_pressed
                0x000ac404                handle_buttons_being_held
                0x000ac42c                handle_tricky_canon_calls
                0x000ac538                EngDrvOut
                0x000ac560                engio_write
 *fill*         0x000ac578        0x8 
 .text          0x000ac580      0x160 rand.o
                0x000ac580                rand_fill
                0x000ac660                rand_seed
 .text          0x000ac6e0      0x158 posix.o
                0x000ac6e0                rand
                0x000ac708                srand
                0x000ac70c                strdup
                0x000ac73c                time
                0x000ac744                clock
                0x000ac748                calloc
                0x000ac784                realloc
                0x000ac7d0                strlcat
                0x000ac820                strcat
 *fill*         0x000ac838        0x8 
 .text          0x000ac840       0xe4 util.o
                0x000ac840                util_atomic_inc
                0x000ac874                util_atomic_dec
                0x000ac8a8                bin_search
 *fill*         0x000ac924        0xc 
 .text          0x000ac930       0x98 imath.o
                0x000ac930                powi
                0x000ac95c                log2i
                0x000ac974                log10i
                0x000ac998                log_length
 *fill*         0x000ac9c8        0x8 
 .text          0x000ac9d0        0x8 electronic_level.o
 *fill*         0x000ac9d8        0x8 
 .text          0x000ac9e0       0x6c cfn.o
                0x000ac9f4                get_htp
                0x000aca00                set_htp
                0x000aca10                get_mlu
                0x000aca18                set_mlu
                0x000aca1c                cfn_get_af_button_assignment
                0x000aca28                cfn_set_af_button
                0x000aca38                get_alo
 *fill*         0x000aca4c        0x4 
 .text          0x000aca50      0x10c gui.o
                0x000aca50                ml_gui_main_task
 *fill*         0x000acb5c        0x4 
 .text          0x000acb60      0x260 picstyle.o
                0x000acc28                get_prop_picstyle_from_index
                0x000acce0                get_prop_picstyle_index
 .text          0x000acdc0      0xbd4 exmem.o
                0x000ad188                GetNumberOfChunks
                0x000ad1d0                GetSizeOfMemorySuite
                0x000ad218                GetSizeOfMemoryChunk
                0x000ad260                _shoot_free_suite
                0x000ad29c                exmem_save_buffer
                0x000ad31c                exmem_clear
                0x000ad380                _shoot_malloc_suite
                0x000ad3fc                _shoot_malloc_suite_contig
                0x000ad568                _shoot_malloc
                0x000ad594                _shoot_free
                0x000ad5d4                _shoot_get_free_space
                0x000ad5fc                _srm_malloc_suite
                0x000ad710                _srm_free_suite
                0x000ad814                _srm_free
                0x000ad860                _srm_malloc
                0x000ad8d8                _srm_get_max_region
                0x000ad934                _srm_get_free_space
 *fill*         0x000ad994        0xc 
 .text          0x000ad9a0     0x1a8c bmp.o
                0x000adb00                BMP_VRAM_START
                0x000adbb0                bmp_vram_real
                0x000adbd0                bmp_vram_idle
                0x000adbe0                bmp_draw_to_idle
                0x000adbf0                bmp_vram
                0x000adc0c                bmp_idle_copy
                0x000add0c                bmp_putpixel_fast
                0x000add1c                bmp_puts
                0x000addb4                bmp_printf
                0x000ade08                big_bmp_printf
                0x000ade88                bmp_string_width
                0x000adea8                bmp_strlen_clipped
                0x000adec8                bmp_fill
                0x000adf78                bmp_load_ram
                0x000ae2b0                bmp_load
                0x000ae374                clrscr
                0x000ae3b8                bmp_getpixel
                0x000ae430                bmp_putpixel
                0x000ae494                bmp_draw_rect
                0x000ae534                bmp_draw_rect_chamfer
                0x000ae6d4                bmp_draw_request_stop
                0x000ae6e8                bmp_draw_scaled_ex
                0x000aed2c                bfnt_draw_char
                0x000aeea4                bfnt_char_get_width
                0x000aeef4                bmp_flip
                0x000af038                bmp_flip_ex
                0x000af1ec                bmp_is_on
                0x000af204                bmp_on
                0x000af25c                bmp_off
                0x000af2b4                bmp_mute_flag_reset
                0x000af2cc                bmp_zoom
 *fill*         0x000af42c        0x4 
 .text          0x000af430      0xf18 rbf_font.o
                0x000af918                font_by_name
                0x000afc44                rbf_str_width
                0x000afc90                rbf_str_clipped_width
                0x000afcc4                rbf_strlen_clipped
                0x000afd00                rbf_draw_string
                0x000b0208                _load_fonts
 *fill*         0x000b0348        0x8 
 .text          0x000b0350     0x124c config.o
                0x000b0b04                config_save_file
                0x000b0c7c                config_flag_file_setting_load
                0x000b0c98                config_flag_file_setting_save
                0x000b0d5c                config_parse_file
                0x000b0e54                get_config_var
                0x000b0e74                set_config_var
                0x000b0e8c                set_config_var_ptr
                0x000b0ecc                config_var_was_changed
                0x000b0ef4                config_var_restore_default
                0x000b0f14                module_config_load
                0x000b0f78                module_config_save
                0x000b10a0                get_config_dir
                0x000b10ac                get_config_preset_name
                0x000b10bc                handle_select_config_file_by_key_at_startup
                0x000b1120                config_load
                0x000b14c8                config_save
                0x000b154c                config_save_at_shutdown
 *fill*         0x000b159c        0x4 
 .text          0x000b15a0      0x378 stdio.o
                0x000b15a0                streq
                0x000b1638                toupper
                0x000b1648                tolower
                0x000b1658                __errno
                0x000b1664                islower
                0x000b1678                isupper
                0x000b168c                isalpha
                0x000b16a4                isdigit
                0x000b16b8                isxdigit
                0x000b16d8                isalnum
                0x000b1708                ispunct
                0x000b1728                isgraph
                0x000b1758                isspace
                0x000b1778                iscntrl
                0x000b1798                snprintf
                0x000b17c4                memset64
                0x000b185c                memcpy64
 *fill*         0x000b1918        0x8 
 .text          0x000b1920      0xcdc bitrate.o
                0x000b2100                hibr_should_record_wav
                0x000b2108                bitrate_mvr_log
                0x000b21b4                time_indicator_show
                0x000b22b8                is_mvr_buffer_almost_full
                0x000b2334                show_mvr_buffer_status
                0x000b240c                movie_indicators_show
 *fill*         0x000b25fc        0x4 
 .text          0x000b2600        0x0 lcdsensor.o
 .text          0x000b2600     0x2b88 tweaks.o
                0x000b2fa0                get_expsim
                0x000b311c                set_expsim
                0x000b3174                set_backlight_level
                0x000b31a4                afframe_set_dirty
                0x000b31b8                afframe_clr_dirty
                0x000b31cc                clear_lv_afframe
                0x000b3464                clear_lv_afframe_if_dirty
                0x000b407c                handle_fast_zoom_box
                0x000b4084                display_shortcut_key_hints_lv
                0x000b4088                handle_upside_down
                0x000b4174                alter_bitmap_palette_entry
                0x000b4268                anamorphic_squeeze_bmp_y
                0x000b4368                defish_draw_play
                0x000b47c4                display_filter_get_buffers
                0x000b4abc                display_filter_enabled
                0x000b4b68                display_filter_lv_vsync
                0x000b4bc0                display_filter_step
                0x000b5180                arrow_keys_shortcuts_active
 .text          0x000b5188        0x0 tweaks-eyefi.o
 *fill*         0x000b5188        0x8 
 .text          0x000b5190     0x4f38 lens.o
                0x000b6250                lens_format_dist
                0x000b639c                should_draw_bottom_bar
                0x000b6404                raw2shutter_ms
                0x000b6458                shutter_ms_to_raw
                0x000b64a4                shutterf_to_raw
                0x000b64f0                raw2shutterf
                0x000b6530                expo_value_rounding_ok
                0x000b6588                round_shutter
                0x000b663c                round_aperture
                0x000b6738                round_expo_comp
                0x000b67c4                lens_set_ae
                0x000b680c                round_flash_expo_comp
                0x000b6898                lens_set_flash_ae
                0x000b68e0                get_shootmode_name
                0x000b6ad0                get_shootmode_name_short
                0x000b6cfc                get_ml_topbar_pos
                0x000b6de0                get_ml_bottombar_pos
                0x000b6e80                draw_ml_bottombar
                0x000b6ea0                lens_format_shutter_reciprocal
                0x000b7148                lens_format_shutter
                0x000b72ec                free_space_show_photomode
                0x000b7368                draw_ml_topbar
                0x000b7388                update_lens_display
                0x000b73ac                lens_focus
                0x000b7594                mlu_lock_mirror_if_needed
                0x000b76b4                raw2index_iso
                0x000b76e8                raw2iso
                0x000b7838                lens_format_iso
                0x000b7ad8                val2raw_iso
                0x000b7b1c                raw2index_shutter
                0x000b7b50                val2raw_shutter
                0x000b7b8c                raw2index_aperture
                0x000b7bc0                lens_format_aperture
                0x000b7cb4                val2raw_aperture
                0x000b7cf4                lens_set_custom_wb_gains
                0x000b7d98                lens_set_kelvin
                0x000b7ea8                lens_set_kelvin_value_only
                0x000b7f50                split_iso
                0x000b7fb0                iso_components_update
                0x000b828c                iso_auto_restore_hack
                0x000b85c8                _prop_lv_lens_request_update
                0x000b85e0                job_state_ready_to_take_pic
                0x000b8618                lens_wait_readytotakepic
                0x000b8724                assign_af_button_to_halfshutter
                0x000b8784                assign_af_button_to_star_button
                0x000b87e4                lens_setup_af
                0x000b8854                restore_af_button_assignment
                0x000b88bc                restore_af_button_assignment_at_shutdown
                0x000b88f8                lens_cleanup_af
                0x000b88fc                lens_take_picture
                0x000b8dc8                crop_factor_menu_init
                0x000b8e10                lens_get_contrast
                0x000b8e58                lens_get_sharpness
                0x000b8e9c                lens_get_saturation
                0x000b8ee4                lens_get_color_tone
                0x000b93a0                lens_get_from_other_picstyle_contrast
                0x000b93d4                lens_get_from_other_picstyle_sharpness
                0x000b9404                lens_get_from_other_picstyle_saturation
                0x000b9438                lens_get_from_other_picstyle_color_tone
                0x000b946c                lens_set_contrast
                0x000b94e8                lens_set_sharpness
                0x000b9564                lens_set_saturation
                0x000b95e4                lens_set_color_tone
                0x000b9660                SW1
                0x000b96a8                SW2
                0x000b96f0                expo_override_active
                0x000b971c                bv_update_lensinfo
                0x000b977c                bv_apply_tv
                0x000b97c8                bv_apply_av
                0x000b9818                bv_apply_iso
                0x000b999c                bv_set_rawshutter
                0x000b9a04                bv_set_rawiso
                0x000b9a64                bv_set_rawaperture
                0x000b9ab0                bv_auto_update
                0x000b9c78                lens_set_rawaperture
                0x000b9cb4                lens_set_rawiso
                0x000b9cf0                lens_set_rawshutter
                0x000b9e10                lens_set_drivemode
                0x000b9e48                lens_set_wbs_gm
                0x000b9e7c                lens_set_wbs_ba
                0x000b9eb0                hdr_set_rawiso
                0x000b9ec0                hdr_set_rawshutter
                0x000b9ef4                hdr_set_rawaperture
                0x000b9f48                hdr_set_ae
                0x000b9f80                hdr_set_flash_ae
                0x000b9fb4                get_max_analog_iso
                0x000b9fbc                get_max_ae_ev
                0x000b9fc4                get_ae_value
                0x000b9fd4                get_bv
                0x000ba0b8                get_ae_state
 *fill*         0x000ba0c8        0x8 
 .text          0x000ba0d0      0x468 property.o
                0x000ba1b0                prop_add_handler
                0x000ba240                prop_add_internal_handlers
                0x000ba270                prop_reset_registration
                0x000ba2a0                prop_init
                0x000ba2a4                prop_update_registration
                0x000ba2bc                prop_request_change
                0x000ba458                prop_request_change_wait
 *fill*         0x000ba538        0x8 
 .text          0x000ba540      0xa04 propvalues.o
                0x000ba99c                is_camera
                0x000baa50                is_movie_mode
                0x000baa6c                set_recording_custom
                0x000baa7c                get_video_mode_name
                0x000bae28                get_display_device_name
 *fill*         0x000baf44        0xc 
 .text          0x000baf50      0xbf0 gui-common.o
                0x000bb014                is_canon_bottom_bar_dirty
                0x000bb024                get_last_time_active
                0x000bb034                handle_other_events
                0x000bb140                handle_common_events_startup
                0x000bb1bc                reset_pre_shutdown_flag_step
                0x000bb204                check_pre_shutdown_flag
                0x000bb258                handle_scrollwheel_fast_clicks
                0x000bb2e4                handle_flexinfo_keys
                0x000bb2ec                handle_common_events_by_feature
                0x000bb538                detect_double_click
                0x000bb630                get_info_button_name
                0x000bb63c                gui_uilock
                0x000bb6ec                fake_simple_button
                0x000bb750                display_is_on
                0x000bb768                delayed_call
                0x000bb774                redraw_after
                0x000bb784                get_gui_mode
                0x000bb790                enter_play_mode
                0x000bb830                enter_menu_mode
                0x000bb8d0                exit_play_qr_menu_mode
                0x000bb994                exit_play_qr_mode
                0x000bb9c8                exit_menu_mode
                0x000bb9f0                is_pure_play_photo_mode
                0x000bba3c                is_pure_play_movie_mode
                0x000bba88                is_pure_play_photo_or_movie_mode
                0x000bbab0                is_play_or_qr_mode
                0x000bbae8                is_play_mode
                0x000bbb14                is_menu_mode
 .text          0x000bbb40      0x398 chdk-gui_draw.o
                0x000bbb40                draw_line
                0x000bbc38                draw_circle
                0x000bbd70                fill_circle
                0x000bbe30                draw_angled_line
 *fill*         0x000bbed8        0x8 
 .text          0x000bbee0     0x116c movtweaks.o
                0x000bc044                save_kelvin_wb
                0x000bc080                restore_kelvin_wb
                0x000bc0dc                kelvin_wb_workaround_step
                0x000bc10c                set_shooting_mode
                0x000bc174                force_liveview
                0x000bc278                close_liveview
                0x000bc2bc                movtweak_task_init
                0x000bc2e8                movtweak_step
                0x000bc5c8                get_screen_layout_ptr
                0x000bc610                get_screen_layout
                0x000bc660                screen_layout_update
                0x000bc67c                screen_layout_toggle
                0x000bc6a8                rec_notify_continuous
                0x000bc90c                rec_notify_trigger
                0x000bc94c                bv_enable
                0x000bca58                bv_disable
                0x000bcad4                bv_toggle
                0x000bcb0c                smooth_iso_step
                0x000bd034                movie_tweak_menu_init
 *fill*         0x000bd04c        0x4 
 .text          0x000bd050      0x5d0 menuhelp.o
                0x000bd050                draw_beta_warning
                0x000bd168                draw_404_page
                0x000bd244                draw_help_not_installed_page
                0x000bd2d8                menu_help_show_page
                0x000bd3d8                menu_help_redraw
                0x000bd40c                menu_help_next_page
                0x000bd450                menu_help_prev_page
                0x000bd494                menu_help_go_to_page
                0x000bd4b4                str_make_lowercase
                0x000bd4d8                menu_help_go_to_label
 .text          0x000bd620       0x78 menuindex.o
 *fill*         0x000bd698        0x8 
 .text          0x000bd6a0     0x16c4 focus.o
                0x000bddcc                reset_override_zoom_buttons
                0x000bdde0                LensFocus
                0x000bde00                LensFocus2
                0x000bdfb0                is_follow_focus_active
                0x000bdfb8                get_follow_focus_mode
                0x000bdfc0                get_follow_focus_dir_v
                0x000bdfdc                get_follow_focus_dir_h
                0x000bdff8                focus_calc_dof
                0x000be310                focus_dist_update
                0x000be494                is_focus_stack_enabled
                0x000be4bc                is_rack_focus_enabled
                0x000be4d4                rack_focus_start_now
                0x000be4f4                lens_focus_start
                0x000be514                lens_focus_enqueue_step
                0x000be548                lens_focus_stop
                0x000be55c                get_focus_graph
                0x000be580                can_lv_trap_focus_be_active
                0x000be588                get_lv_focus_confirmation
                0x000be590                get_focus_confirmation
                0x000be59c                is_manual_focus
                0x000be5bc                should_override_zoom_buttons
                0x000be720                focus_stack_run
                0x000bec10                is_continuous_af
                0x000bec5c                handle_rack_focus_menu_overrides
 *fill*         0x000bed64        0xc 
 .text          0x000bed70      0x1c8 notify_box.o
                0x000bee6c                NotifyBoxHide
                0x000bee80                NotifyBox
 *fill*         0x000bef38        0x8 
 .text          0x000bef40      0x260 bootflags.o
                0x000bef80                bootflag_write_bootblock
 .text          0x000bf1a0       0xb4 dialog_test.o
                0x000bf1a0                get_current_dialog_handler
                0x000bf1c4                canon_gui_disable_front_buffer
                0x000bf1fc                canon_gui_enable_front_buffer
                0x000bf248                canon_gui_front_buffer_disabled
 *fill*         0x000bf254        0xc 
 .text          0x000bf260      0x918 vram.o
                0x000bf2f8                vram_params_set_dirty
                0x000bf348                _update_vram_params
                0x000bf8ec                yuv422_buffer_check
                0x000bf918                get_lcd_422_buf
                0x000bf96c                guess_fastrefresh_direction
                0x000bf9d8                get_fastrefresh_422_buf
                0x000bfa5c                get_yuv422_vram
                0x000bfb04                get_yuv422_hd_vram
                0x000bfb48                vram_clear_lv
 *fill*         0x000bfb78        0x8 
 .text          0x000bfb80      0x4b4 greenscreen.o
                0x000bfb80                green_screen_step
 *fill*         0x000c0034        0xc 
 .text          0x000c0040     0x2564 fps-engio.o
                0x000c08dc                EngDrvOutLV
                0x000c0fd0                fps_should_record_wav
                0x000c0fd8                get_current_tg_freq
                0x000c1390                get_max_shutter_timer
                0x000c13c4                get_shutter_speed_us_from_timer
                0x000c1400                was_sound_recording_disabled_by_fps_override
                0x000c1418                fps_get_current_x1000
                0x000c1458                fps_override_shutter_blanking
                0x000c160c                get_current_shutter_reciprocal_x1000
                0x000c16bc                fps_get_shutter_speed_shift
                0x000c2338                fps_update_timers_from_evfstate
                0x000c23b0                fps_mvr_log
                0x000c2418                handle_fps_events
                0x000c24f0                fps_get_iso_correction_evx8
                0x000c24f8                fps_expo_iso_step
                0x000c24fc                get_frame_iso
                0x000c250c                set_frame_iso
                0x000c251c                get_frame_shutter_timer
                0x000c252c                set_frame_shutter_timer
                0x000c2544                set_frame_shutter
                0x000c2574                can_set_frame_shutter_timer
                0x000c2590                can_set_frame_iso
                0x000c2594                get_frame_aperture
 *fill*         0x000c25a4        0xc 
 .text          0x000c25b0     0x8134 shoot.o
                0x000c25cc                is_native_iso
                0x000c2650                kelvin_n_gm_auto
                0x000c2b9c                iso_toggle
                0x000c2d20                shutter_toggle
                0x000c2de4                kelvin_toggle
                0x000c4374                aperture_toggle
                0x000c4b08                display_idle
                0x000c4eb4                uniwb_is_active
                0x000c517c                is_hdr_bracketing_enabled
                0x000c5414                is_intervalometer_running
                0x000c5424                get_interval_count
                0x000c5434                get_interval_time
                0x000c5444                set_interval_time
                0x000c5454                format_time_hours_minutes_seconds
                0x000c5548                get_bulb_shutter_raw_equiv
                0x000c5564                get_seconds_clock
                0x000c571c                get_ms_clock
                0x000c5794                get_us_clock
                0x000c5800                should_run_polling_action
                0x000c582c                get_trap_focus
                0x000c583c                set_flash_firing
                0x000c587c                get_afframe_pos
                0x000c5900                get_afframe_sensor_res
                0x000c5928                set_lv_zoom
                0x000c59e0                get_mlu_delay
                0x000c5a08                focus_box_get_raw_crop_offset
                0x000c5b74                move_lv_afframe
                0x000c5cf8                handle_lv_afframe_workaround
                0x000c5db4                next_image_in_play_mode
                0x000c5e40                ensure_movie_mode
                0x000c5e9c                ensure_photo_mode
                0x000c5ed4                is_lowgain_iso
                0x000c5f44                is_round_iso
                0x000c5f90                get_picstyle_name
                0x000c6370                get_picstyle_shortname
                0x000c6484                mvr_rec_start_shoot
                0x000c655c                zoom_focus_ring_trigger
                0x000c65e0                zoom_focus_ring_engage
                0x000c6688                handle_zoom_x5_x10
                0x000c67a8                zoom_sharpen_step
                0x000c69c0                is_bulb_mode
                0x000c7070                ensure_bulb_mode
                0x000c7118                set_drive_single
                0x000c7144                bulb_take_pic
                0x000c75dc                expo_lock_update_value
                0x000c75f4                handle_expo_preset
                0x000c77c4                hdr_flag_picture_was_taken
                0x000c77d8                hdr_script_get_first_file_number
                0x000c7814                hdr_create_script
                0x000c7c34                interval_create_script
                0x000c7ed4                take_a_pic
                0x000c834c                movie_start
                0x000c8404                movie_end
                0x000c84f0                hdr_shot
                0x000c8938                schedule_remote_shot
                0x000c894c                schedule_movie_start
                0x000c8960                schedule_movie_end
                0x000c8974                display_shooting_info_lv
                0x000c8978                display_trap_focus_info
                0x000c897c                intervalometer_stop
                0x000c89e4                handle_intervalometer
                0x000c8a2c                wait_till_next_second
                0x000c8a50                is_continuous_drive
                0x000c8a6c                take_fast_pictures
                0x000c8ba0                remote_shot
                0x000ca6c4                shoot_task_redraw
                0x000ca6e0                iso_refresh_display
 *fill*         0x000ca6e4        0xc 
 .text          0x000ca6f0      0x654 hdr.o
                0x000ca7bc                hdr_video_enabled
                0x000ca7dc                hdr_get_iso_range
                0x000ca810                hdr_step
                0x000ca964                hdr_kill_flicker
                0x000caa4c                get_effective_hdr_iso_for_display
                0x000cac80                hdr_mvr_log
 *fill*         0x000cad44        0xc 
 .text          0x000cad50      0xef0 lv-img-engio.o
                0x000cb5d4                get_digic_iso_gain_movie
                0x000cb5ec                get_digic_iso_gain_photo
                0x000cb604                set_display_gain_equiv
                0x000cb630                set_movie_digital_iso_gain
                0x000cb648                set_movie_digital_iso_gain_for_gradual_expo
                0x000cb658                set_photo_digital_iso_gain_for_bv
                0x000cb668                gain_to_ev_scaled
                0x000cb6a8                digic_iso_print_movie
                0x000cb768                display_gain_print
                0x000cb7b8                digic_iso_or_gain_toggle
                0x000cb850                digic_iso_toggle_movie
                0x000cb85c                digic_iso_toggle
                0x000cb88c                display_gain_toggle
                0x000cb898                vignetting_correction_apply_regs
                0x000cb95c                shutter_finetune_step
                0x000cb9c4                shutter_finetune_get_adjusted_timer
                0x000cb9e8                image_effects_step
                0x000cb9ec                digic_iso_step
 .text          0x000cbc40      0x268 state-object.o
                0x000cbe0c                wait_lv_frames
 *fill*         0x000cbea8        0x8 
 .text          0x000cbeb0      0x75c tasks.o
                0x000cbf60                get_current_task_name
                0x000cbfe0                get_task_name_from_id
                0x000cc034                task_update_loads
                0x000cc278                tasks_toggle_flags
                0x000cc28c                tasks_print
 *fill*         0x000cc60c        0x4 
 .text          0x000cc610       0x5c vsync-lite.o
                0x000cc634                _lv_vsync_signal
                0x000cc648                _lv_vsync
 *fill*         0x000cc66c        0x4 
 .text          0x000cc670      0x630 tskmon.o
                0x000cc6ac                tskmon_trace_thread
                0x000cc9d8                tskmon_update_loads
                0x000ccb3c                tskmon_stack_check
                0x000ccb58                tskmon_stack_check_all
                0x000ccb7c                tskmon_stack_get_max
                0x000ccba0                tskmon_task_dispatch
                0x000ccc28                tskmon_init
                0x000ccc70                tskmon_trace
 .text          0x000ccca0        0x0 battery.o
 .text          0x000ccca0      0x7cc imgconv.o
                0x000ccd74                precompute_yuv2rgb
                0x000cce1c                yuv2rgb
                0x000ccea0                rgb2yuv422_rec709
                0x000ccf68                rgb2yuv422_rec601
                0x000cd040                rgb2yuv422
                0x000cd044                uyvy_split
                0x000cd074                yuv_resize
                0x000cd128                yuv_halfcopy
                0x000cd1bc                yuv411_to_422
                0x000cd220                yuv411_to_rgb
                0x000cd348                yuvcpy_main
                0x000cd3b4                little_cleanup
                0x000cd438                yuv422_get_pixel
 *fill*         0x000cd46c        0x4 
 .text          0x000cd470     0x1a30 histogram.o
                0x000cda60                hist_build_raw
                0x000cde90                raw_histo_update
                0x000cdf4c                hist_draw_image
                0x000ce71c                hist_print
                0x000ce830                hist_warn_display
                0x000ce8ac                raw_hist_get_percentile_levels
                0x000ced40                raw_hist_get_percentile_level
                0x000ced6c                raw_hist_get_overexposure_percentage
 .text          0x000ceea0      0x3d8 falsecolor.o
                0x000ceea0                falsecolor_value_ex
                0x000ceeb4                falsecolor_value
                0x000ceed4                falsecolor_fordraw
                0x000cef00                draw_false_downsampled
                0x000cf104                falsecolor_palette_name
                0x000cf190                falsecolor_palette_preview
                0x000cf1f8                falsecolor_display
                0x000cf22c                falsecolor_display_palette
 *fill*         0x000cf278        0x8 
 .text          0x000cf280      0xa28 audio-ak.o
                0x000cf3e8                sound_recording_enabled_canon
                0x000cf400                sound_recording_enabled
                0x000cf4e8                get_audio_levels
                0x000cf4f4                audio_level_to_db
                0x000cfad0                input_toggle
                0x000cfad4                audio_meters_are_drawn
                0x000cfad8                audio_configure
                0x000cfc40                out_volume_up
                0x000cfc74                out_volume_down
 *fill*         0x000cfca8        0x8 
 .text          0x000cfcb0     0x7c40 zebra.o
                0x000d0ff0                get_y_skip_offset_for_overlays
                0x000d10b8                get_y_skip_offset_for_histogram
                0x000d1114                lv_luma_is_accurate
                0x000d1398                digic_zoom_overlay_enabled
                0x000d13a0                focus_peaking_as_display_filter
                0x000d13a8                histogram_or_small_waveform_enabled
                0x000d1420                get_bvram_mirror
                0x000d1fd0                crop_set_dirty
                0x000d2028                set_movie_cropmarks
                0x000d20c8                reset_movie_cropmarks
                0x000d20e0                get_global_draw
                0x000d2270                get_zoom_overlay_trigger_mode
                0x000d22a0                get_zoom_overlay_trigger_by_focus_ring
                0x000d2988                cropmark_clear_cache
                0x000d372c                get_global_draw_setting
                0x000d373c                zebra_highlight_raw_advanced
                0x000d3ae0                get_under_and_over_exposure
                0x000d3c9c                bvram_mirror_init
                0x000d3d18                get_spot_yuv_ex
                0x000d3efc                get_spot_yuv
                0x000d3f28                get_spot_motion
                0x000d41ec                get_spot_focus
                0x000d4308                spotmeter_erase
                0x000d4d08                handle_zoom_overlay
                0x000d4d90                zoom_overlay_disable
                0x000d4da8                zoom_overlay_set_countdown
                0x000d4db8                digic_zoom_overlay_step
                0x000d4dbc                liveview_display_idle
                0x000d4e94                zebra_should_run
                0x000d4f28                should_draw_zoom_overlay
                0x000d5024                nondigic_zoom_overlay_enabled
                0x000d5618                should_draw_bottom_graphs
                0x000d5674                draw_histogram_and_waveform
                0x000d60e8                redraw
                0x000d62a4                lens_display_set_dirty
                0x000d62cc                _redraw_do
                0x000d63a8                is_focus_peaking_enabled
                0x000d6424                update_disp_mode_bits_from_params
                0x000d74e8                update_disp_mode_params_from_bits
                0x000d75d0                get_disp_mode
                0x000d75e0                toggle_disp_mode
                0x000d76c8                handle_disp_preset_key
                0x000d7784                handle_overlays_playback
                0x000d7850                peaking_benchmark
 .text          0x000d78f0      0x5c8 vectorscope.o
                0x000d7a90                vectorscope_addpixel
                0x000d7bbc                vectorscope_should_draw
                0x000d7bcc                vectorscope_request_draw
                0x000d7bdc                vectorscope_start
                0x000d7c18                vectorscope_redraw
 *fill*         0x000d7eb8        0x8 
 .text          0x000d7ec0       0x1c beep.o
                0x000d7ec0                unsafe_beep
                0x000d7ec4                beep
                0x000d7ec8                Beep
                0x000d7ecc                beep_times
                0x000d7ed0                WAV_StartRecord
                0x000d7ed4                WAV_StopRecord
                0x000d7ed8                beep_custom
 *fill*         0x000d7edc        0x4 
 .text          0x000d7ee0      0x214 crop-mode-hack.o
                0x000d7f2c                crop_mode_hack_init
                0x000d7fe0                is_crop_hack_supported
                0x000d8024                movie_crop_hack_enable
                0x000d8078                movie_crop_hack_disable
 *fill*         0x000d80f4        0xc 
 .text          0x000d8100       0x28 ph_info_disp.o
                0x000d8100                display_shooting_info
 *fill*         0x000d8128        0x8 
 .text          0x000d8130     0x164c flexinfo.o
                0x000d81dc                info_trim_string
                0x000d825c                info_get_cardmaker
                0x000d8264                info_get_cardmodel
                0x000d826c                info_get_cardlabel
                0x000d8274                info_get_string
                0x000d8e20                info_measure_string
                0x000d8ebc                info_get_anchor_offset
                0x000d8f14                info_get_by_name
                0x000d8f58                info_get_absolute
                0x000d9064                info_resolve_color
                0x000d90d8                info_print_string
                0x000d921c                info_print_text
                0x000d9340                info_print_fill
                0x000d93a4                info_print_icon
                0x000d93c0                info_print_battery_perf
                0x000d942c                info_print_battery_icon
                0x000d9458                info_get_next_z
                0x000d9488                info_print_element
                0x000d9510                info_print_config
                0x000d95f8                info_print_screen
                0x000d9680                info_add_item
                0x000d972c                info_free_item
 *fill*         0x000d977c        0x4 
 .text          0x000d9780      0x3f0 screenshot.o
                0x000d9780                take_screenshot
 .text          0x000d9b70      0x1c4 fileprefix.o
                0x000d9ba4                get_file_prefix
                0x000d9bb0                file_prefix_set
                0x000d9ca4                file_prefix_reset
 *fill*         0x000d9d34        0xc 
 .text          0x000d9d40      0xc38 lvinfo.o
                0x000da6b8                lvinfo_add_items
                0x000da740                lvinfo_add_item
                0x000da748                lvinfo_display
 .text          0x000da978      0x320 builtin-enforcing.o
                0x000da978                unused_dummy_func
 *fill*         0x000dac98        0x8 
 .text          0x000daca0      0xe90 powersave.o
                0x000dacc8                idle_globaldraw_dis
                0x000dace0                idle_globaldraw_en
                0x000dae38                idle_kill_flicker
                0x000db084                powersave_prolong
                0x000db0ac                powersave_prohibit
                0x000db0d4                powersave_permit
                0x000db0fc                PauseLiveView
                0x000db210                display_on
                0x000db218                display_off
                0x000db308                idle_led_blink_step
                0x000db3c4                idle_is_powersave_enabled
                0x000db3fc                idle_is_powersave_enabled_on_info_disp_key
                0x000db424                idle_is_powersave_active
                0x000db48c                idle_force_powersave_in_1s
                0x000db4c8                idle_force_powersave_now
                0x000db504                handle_powersave_key
                0x000db59c                idle_wakeup_reset_counters
                0x000db610                ResumeLiveView
                0x000db848                idle_powersave_step
 .text          0x000dbb30      0x630 ml-cbr.o
                0x000dbc08                ml_register_cbr
                0x000dbde0                ml_unregister_cbr
                0x000dbec4                ml_notify_cbr
                0x000dbf84                debug_cbr_tree
                0x000dc018                _ml_cbr_init
 .text          0x000dc160     0x3550 raw.o
                0x000dc198                raw_red_pixel
                0x000dc1d8                raw_green_pixel
                0x000dc21c                raw_blue_pixel
                0x000dc264                raw_red_pixel_dark
                0x000dc2cc                raw_green_pixel_dark
                0x000dc33c                raw_blue_pixel_dark
                0x000dc3b0                raw_red_pixel_bright
                0x000dc418                raw_green_pixel_bright
                0x000dc488                raw_blue_pixel_bright
                0x000dd670                raw_set_dirty
                0x000dd684                raw_set_preview_rect
                0x000dd770                raw_set_geometry
                0x000dd8b4                raw_get_pixel
                0x000ddc6c                raw_get_pixel_ex
                0x000ddd80                raw_set_pixel
                0x000ddf30                raw_get_gray_pixel
                0x000de140                raw_to_ev
                0x000de248                ev_to_raw
                0x000de2ac                raw_lv_redirect_edmac
                0x000de2c0                raw_lv_vsync
                0x000de3ac                _raw_lv_get_iso_post_gain
                0x000de3d8                raw_lv_settings_still_valid
                0x000de440                raw_preview_fast_ex
                0x000de50c                raw_preview_fast
                0x000de56c                raw_lv_is_enabled
                0x000de57c                raw_lv_request_bpp
                0x000de66c                raw_lv_request_digital_gain
                0x000de6f4                raw_force_aspect_ratio
                0x000de81c                get_dxo_dynamic_range
                0x000de8bc                can_use_raw_overlays_photo
                0x000df2e8                raw_update_params
                0x000df444                raw_lv_request
                0x000df4ac                raw_lv_release
                0x000df50c                can_use_raw_overlays
                0x000df5b4                can_use_raw_overlays_menu
                0x000df634                menu_set_warning_raw
                0x000df688                menu_checkdep_raw
 .text          0x000df6b0     0x13d4 chdk-dng.o
                0x000e0434                reverse_bytes_order
                0x000e04fc                dng_set_thumbnail_size
                0x000e0510                dng_set_camname
                0x000e0524                dng_set_camserial
                0x000e0538                dng_set_description
                0x000e054c                dng_set_lensmodel
                0x000e0560                dng_set_focal
                0x000e0574                dng_set_aperture
                0x000e0588                dng_set_shutter
                0x000e059c                dng_set_framerate
                0x000e05b4                dng_set_framerate_rational
                0x000e05c8                dng_set_iso
                0x000e05d8                dng_set_wbgain
                0x000e0604                dng_set_datetime
                0x000e0638                save_dng
 *fill*         0x000e0a84        0xc 
 .text          0x000e0a90      0x798 edmac-memcpy.o
                0x000e0b88                edmac_memcpy_res_lock
                0x000e0bc0                edmac_memcpy_res_unlock
                0x000e0bd0                edmac_copy_rectangle_cbr_start
                0x000e0db8                edmac_copy_rectangle_adv_cleanup
                0x000e0e08                edmac_copy_rectangle_adv_finish
                0x000e0e40                edmac_copy_rectangle_adv_start
                0x000e0ea4                edmac_copy_rectangle_adv
                0x000e0ef8                edmac_copy_rectangle
                0x000e0f2c                edmac_copy_rectangle_start
                0x000e0f60                edmac_copy_rectangle_finish
                0x000e0f64                edmac_memset
                0x000e1034                edmac_find_divider
                0x000e10bc                edmac_memcpy_start
                0x000e1168                edmac_memcpy_finish
                0x000e116c                edmac_memcpy
                0x000e1184                edmac_raw_slurp
 *fill*         0x000e1228        0x8 
 .text          0x000e1230     0x1d94 patch.o
                0x000e2350                _reapply_cache_patches
                0x000e241c                _patch_sync_caches
                0x000e24cc                sync_caches
                0x000e2660                unpatch_memory
                0x000e29d0                patch_memory
                0x000e29e8                patch_instruction
                0x000e2a00                patch_engio_list
                0x000e2a3c                unpatch_engio_list
                0x000e2a6c                patch_memory_matrix
                0x000e2cc4                patch_memory_ex
                0x000e2d08                patch_memory_array
                0x000e2d58                patch_hook_function
 *fill*         0x000e2fc4        0xc 
 .text          0x000e2fd0      0x838 console.o
                0x000e3484                console_show
                0x000e3498                console_hide
                0x000e34bc                console_toggle
                0x000e34d8                console_clear
                0x000e34fc                console_puts
                0x000e3750                console_draw_from_menu
                0x000e376c                printf
                0x000e37ec                puts
 *fill*         0x000e3808        0x8 
 .text          0x000e3810      0x180 tcc-glue.o
                0x000e3810                _tcc_exit
                0x000e3834                _tcc_open
                0x000e38fc                _tcc_read
                0x000e3944                _tcc_close
                0x000e3954                _tcc_lseek
 .text          0x000e3990     0x4218 ../../tcc/libtccx.o
                0x000e45dc                tcc_delete
                0x000e49d4                tcc_add_file
                0x000e4b6c                tcc_add_symbol
                0x000e4cdc                tcc_new
                0x000e4f20                tcc_set_options
                0x000e5d18                tcc_get_symbol
                0x000e77b8                tcc_load_offline_section
                0x000e7ad8                tcc_relocate
 *fill*         0x000e7ba8        0x8 
 .text          0x000e7bb0     0x27b0 module.o
                0x000e8c98                module_load
                0x000e8d30                module_get_symbol
                0x000e8d3c                module_exec
                0x000e8ee8                module_unload
                0x000e8ef8                module_exec_cbr
                0x000e8f74                module_translate_key
                0x000e9394                module_send_keypress
                0x000e9400                handle_module_keys
                0x000e9508                module_display_filter_enabled
                0x000e9580                module_display_filter_update
                0x000e961c                module_get_string
                0x000ea0bc                module_get_name
                0x000ea0d8                module_get_next_loaded
                0x000ea124                module_get_config_var
                0x000ea194                module_config_var_lookup
                0x000ea1f8                module_save_configs
                0x000ea29c                module_shutdown
 .text          0x000ea360       0x28 dietlibc.a(strrchr.o)
                0x000ea360                strrchr
                0x000ea360                rindex
 .text          0x000ea388       0x20 dietlibc.a(strncpy.o)
                0x000ea388                strncpy
 .text          0x000ea3a8       0x1c dietlibc.a(strlen.o)
                0x000ea3a8                strlen
 .text          0x000ea3c4       0x38 dietlibc.a(strncmp.o)
                0x000ea3c4                strncmp
 .text          0x000ea3fc       0x1c dietlibc.a(strcpy.o)
                0x000ea3fc                strcpy
 .text          0x000ea418       0x30 dietlibc.a(strcmp.o)
                0x000ea418                strcoll
                0x000ea418                strcmp
 .text          0x000ea448       0x44 dietlibc.a(strcasecmp.o)
                0x000ea448                strcasecmp
 .text          0x000ea48c      0x208 dietlibc.a(strtoull.o)
                0x000ea48c                strtoumax
                0x000ea48c                strtoull
                0x000ea48c                strtouq
 .text          0x000ea694       0xdc dietlibc.a(strtol.o)
                0x000ea694                strtol
 .text          0x000ea770      0x19c dietlibc.a(strtoul.o)
                0x000ea770                strtoul
 .text          0x000ea90c       0x2c dietlibc.a(strchr.o)
                0x000ea90c                index
                0x000ea90c                strchr
 .text          0x000ea938       0x8c dietlibc.a(strstr.o)
                0x000ea938                strstr
 .text          0x000ea9c4       0x38 dietlibc.a(memcmp.o)
                0x000ea9c4                bcmp
                0x000ea9c4                memcmp
 .text          0x000ea9fc       0x68 dietlibc.a(memmove.o)
                0x000ea9fc                memmove
 .text          0x000eaa64       0x7c dietlibc.a(atol.o)
                0x000eaa64                atol
                0x000eaa64                atoi
 .text          0x000eaae0        0x0 dietlibc.a(errno.o)
 .text          0x000eaae0        0xc dietlibc.a(errno_location.o)
                0x000eaae0                __errno_location
 .text          0x000eaaec       0x2c newlib-libc.a(lib_a-setjmp.o)
                0x000eaaec                setjmp
                0x000eab00                longjmp
 .text          0x000eab18      0x168 newlib-libc.a(lib_a-memcpy-stub.o)
                0x000eab18                memcpy
 .text          0x000eac80       0xac newlib-libc.a(lib_a-memccpy.o)
                0x000eac80                memccpy
 .text          0x000ead2c      0x188 newlib-libc.a(lib_a-memset.o)
                0x000ead2c                memset
 .text          0x000eaeb4       0xd0 newlib-libm.a(lib_a-sf_ceil.o)
                0x000eaeb4                ceilf
 .text          0x000eaf84       0xa4 newlib-libm.a(lib_a-sf_cos.o)
                0x000eaf84                cosf
 .text          0x000eb028       0x88 newlib-libm.a(lib_a-sf_frexp.o)
                0x000eb028                frexpf
 .text          0x000eb0b0       0x1c newlib-libm.a(lib_a-sf_log2.o)
                0x000eb0b0                log2f
 .text          0x000eb0cc       0x7c newlib-libm.a(lib_a-sf_round.o)
                0x000eb0cc                roundf
 .text          0x000eb148       0xbc newlib-libm.a(lib_a-sf_sin.o)
                0x000eb148                sinf
 .text          0x000eb204       0x74 newlib-libm.a(lib_a-sf_tan.o)
                0x000eb204                tanf
 .text          0x000eb278      0x10c newlib-libm.a(lib_a-wf_acos.o)
                0x000eb278                acosf
 .text          0x000eb384      0x10c newlib-libm.a(lib_a-wf_asin.o)
                0x000eb384                asinf
 .text          0x000eb490       0x10 newlib-libm.a(lib_a-wf_atan2.o)
                0x000eb490                atan2f
 .text          0x000eb4a0      0x178 newlib-libm.a(lib_a-wf_exp.o)
                0x000eb4a0                expf
 .text          0x000eb618      0x13c newlib-libm.a(lib_a-wf_fmod.o)
                0x000eb618                fmodf
 .text          0x000eb754      0x164 newlib-libm.a(lib_a-wf_log10.o)
                0x000eb754                log10f
 .text          0x000eb8b8      0x164 newlib-libm.a(lib_a-wf_log.o)
                0x000eb8b8                logf
 .text          0x000eba1c      0x504 newlib-libm.a(lib_a-wf_pow.o)
                0x000eba1c                powf
 .text          0x000ebf20      0x11c newlib-libm.a(lib_a-wf_sqrt.o)
                0x000ebf20                sqrtf
 .text          0x000ec03c      0x3bc newlib-libm.a(lib_a-ef_acos.o)
                0x000ec03c                __ieee754_acosf
 .text          0x000ec3f8      0x38c newlib-libm.a(lib_a-ef_asin.o)
                0x000ec3f8                __ieee754_asinf
 .text          0x000ec784      0x1b4 newlib-libm.a(lib_a-ef_atan2.o)
                0x000ec784                __ieee754_atan2f
 .text          0x000ec938      0x2b4 newlib-libm.a(lib_a-ef_exp.o)
                0x000ec938                __ieee754_expf
 .text          0x000ecbec      0x18c newlib-libm.a(lib_a-ef_fmod.o)
                0x000ecbec                __ieee754_fmodf
 .text          0x000ecd78       0xf8 newlib-libm.a(lib_a-ef_log10.o)
                0x000ecd78                __ieee754_log10f
 .text          0x000ece70      0x3b8 newlib-libm.a(lib_a-ef_log.o)
                0x000ece70                __ieee754_logf
 .text          0x000ed228      0x998 newlib-libm.a(lib_a-ef_pow.o)
                0x000ed228                __ieee754_powf
 .text          0x000edbc0      0x454 newlib-libm.a(lib_a-ef_rem_pio2.o)
                0x000edbc0                __ieee754_rem_pio2f
 .text          0x000ee014      0x114 newlib-libm.a(lib_a-ef_sqrt.o)
                0x000ee014                __ieee754_sqrtf
 .text          0x000ee128      0x214 newlib-libm.a(lib_a-kf_cos.o)
                0x000ee128                __kernel_cosf
 .text          0x000ee33c      0x950 newlib-libm.a(lib_a-kf_rem_pio2.o)
                0x000ee33c                __kernel_rem_pio2f
 .text          0x000eec8c      0x14c newlib-libm.a(lib_a-kf_sin.o)
                0x000eec8c                __kernel_sinf
 .text          0x000eedd8      0x360 newlib-libm.a(lib_a-kf_tan.o)
                0x000eedd8                __kernel_tanf
 .text          0x000ef138      0x2fc newlib-libm.a(lib_a-sf_atan.o)
                0x000ef138                atanf
 .text          0x000ef434        0x8 newlib-libm.a(lib_a-sf_fabs.o)
                0x000ef434                fabsf
 .text          0x000ef43c       0x1c newlib-libm.a(lib_a-sf_finite.o)
                0x000ef43c                finitef
 .text          0x000ef458       0xd4 newlib-libm.a(lib_a-sf_floor.o)
                0x000ef458                floorf
 .text          0x000ef52c       0x6c newlib-libm.a(lib_a-sf_fpclassify.o)
                0x000ef52c                __fpclassifyf
 .text          0x000ef598        0xc newlib-libm.a(lib_a-sf_nan.o)
                0x000ef598                nanf
 .text          0x000ef5a4      0x11c newlib-libm.a(lib_a-sf_scalbn.o)
                0x000ef5a4                scalbnf
 .text          0x000ef6c0        0x0 newlib-libm.a(lib_a-s_lib_ver.o)
 .text          0x000ef6c0        0x8 newlib-libm.a(lib_a-s_matherr.o)
                0x000ef6c0                matherr
 .text          0x000ef6c8       0x10 newlib-libm.a(lib_a-s_nan.o)
                0x000ef6c8                nan
 .text          0x000ef6d8      0x1a0 newlib-libm.a(lib_a-s_rint.o)
                0x000ef6d8                rint
 .text          0x000ef878       0x10 newlib-libm.a(lib_a-sf_copysign.o)
                0x000ef878                copysignf
 .text          0x000ef888      0x114 gcc-libgcc.a(_udivsi3.o)
                0x000ef888                __udivsi3
                0x000ef888                __aeabi_uidiv
                0x000ef97c                __aeabi_uidivmod
 .text          0x000ef99c      0x148 gcc-libgcc.a(_divsi3.o)
                0x000ef99c                __aeabi_idiv
                0x000ef99c                __divsi3
                0x000efac4                __aeabi_idivmod
 .text          0x000efae4        0x4 gcc-libgcc.a(_dvmd_tls.o)
                0x000efae4                __aeabi_ldiv0
                0x000efae4                __aeabi_idiv0
 .text          0x000efae8      0x41c gcc-libgcc.a(_arm_addsubdf3.o)
                0x000efae8                __aeabi_drsub
                0x000efaf0                __aeabi_dsub
                0x000efaf0                __subdf3
                0x000efaf4                __adddf3
                0x000efaf4                __aeabi_dadd
                0x000efe04                __aeabi_ui2d
                0x000efe04                __floatunsidf
                0x000efe28                __floatsidf
                0x000efe28                __aeabi_i2d
                0x000efe50                __extendsfdf2
                0x000efe50                __aeabi_f2d
                0x000efe90                __aeabi_ul2d
                0x000efe90                __floatundidf
                0x000efea4                __floatdidf
                0x000efea4                __aeabi_l2d
 .text          0x000eff04      0x49c gcc-libgcc.a(_arm_muldivdf3.o)
                0x000eff04                __aeabi_dmul
                0x000eff04                __muldf3
                0x000f0194                __aeabi_ddiv
                0x000f0194                __divdf3
 .text          0x000f03a0      0x144 gcc-libgcc.a(_arm_cmpdf2.o)
                0x000f03a0                __gtdf2
                0x000f03a0                __gedf2
                0x000f03a8                __ltdf2
                0x000f03a8                __ledf2
                0x000f03b0                __cmpdf2
                0x000f03b0                __eqdf2
                0x000f03b0                __nedf2
                0x000f0438                __aeabi_cdrcmple
                0x000f0454                __aeabi_cdcmple
                0x000f0454                __aeabi_cdcmpeq
                0x000f046c                __aeabi_dcmpeq
                0x000f0484                __aeabi_dcmplt
                0x000f049c                __aeabi_dcmple
                0x000f04b4                __aeabi_dcmpge
                0x000f04cc                __aeabi_dcmpgt
 .text          0x000f04e4       0x5c gcc-libgcc.a(_arm_fixdfsi.o)
                0x000f04e4                __fixdfsi
                0x000f04e4                __aeabi_d2iz
 .text          0x000f0540       0xa0 gcc-libgcc.a(_arm_truncdfsf2.o)
                0x000f0540                __aeabi_d2f
                0x000f0540                __truncdfsf2
 .text          0x000f05e0      0x2ac gcc-libgcc.a(_arm_addsubsf3.o)
                0x000f05e0                __aeabi_frsub
                0x000f05e8                __subsf3
                0x000f05e8                __aeabi_fsub
                0x000f05ec                __aeabi_fadd
                0x000f05ec                __addsf3
                0x000f07a8                __aeabi_ui2f
                0x000f07a8                __floatunsisf
                0x000f07b0                __aeabi_i2f
                0x000f07b0                __floatsisf
                0x000f07d0                __floatundisf
                0x000f07d0                __aeabi_ul2f
                0x000f07e0                __floatdisf
                0x000f07e0                __aeabi_l2f
 .text          0x000f088c      0x2f8 gcc-libgcc.a(_arm_muldivsf3.o)
                0x000f088c                __mulsf3
                0x000f088c                __aeabi_fmul
                0x000f0a24                __divsf3
                0x000f0a24                __aeabi_fdiv
 .text          0x000f0b84      0x114 gcc-libgcc.a(_arm_cmpsf2.o)
                0x000f0b84                __gtsf2
                0x000f0b84                __gesf2
                0x000f0b8c                __lesf2
                0x000f0b8c                __ltsf2
                0x000f0b94                __nesf2
                0x000f0b94                __eqsf2
                0x000f0b94                __cmpsf2
                0x000f0bf8                __aeabi_cfrcmple
                0x000f0c08                __aeabi_cfcmple
                0x000f0c08                __aeabi_cfcmpeq
                0x000f0c20                __aeabi_fcmpeq
                0x000f0c38                __aeabi_fcmplt
                0x000f0c50                __aeabi_fcmple
                0x000f0c68                __aeabi_fcmpge
                0x000f0c80                __aeabi_fcmpgt
 .text          0x000f0c98       0x5c gcc-libgcc.a(_arm_fixsfsi.o)
                0x000f0c98                __fixsfsi
                0x000f0c98                __aeabi_f2iz
 .text          0x000f0cf4       0x54 gcc-libgcc.a(_arm_fixunssfsi.o)
                0x000f0cf4                __aeabi_f2uiz
                0x000f0cf4                __fixunssfsi
 .text          0x000f0d48       0xd4 gcc-libgcc.a(_aeabi_ldivmod.o)
                0x000f0d48                __aeabi_ldivmod
 .text          0x000f0e1c       0x3c gcc-libgcc.a(_aeabi_uldivmod.o)
                0x000f0e1c                __aeabi_uldivmod
 .text          0x000f0e58       0x44 gcc-libgcc.a(_popcountsi2.o)
                0x000f0e58                __popcountsi2
 .text          0x000f0e9c       0x40 gcc-libgcc.a(_fixsfdi.o)
                0x000f0e9c                __aeabi_f2lz
                0x000f0e9c                __fixsfdi
 .text          0x000f0edc       0x70 gcc-libgcc.a(_fixunssfdi.o)
                0x000f0edc                __aeabi_f2ulz
                0x000f0edc                __fixunssfdi
 .text          0x000f0f4c      0x12c gcc-libgcc.a(_udivmoddi4.o)
                0x000f0f4c                __udivmoddi4
 .text          0x000f1078       0x54 gcc-libgcc.a(_arm_fixunsdfsi.o)
                0x000f1078                __fixunsdfsi
                0x000f1078                __aeabi_d2uiz
 .text          0x000f10cc       0x28 gcc-libgcc.a(_clzdi2.o)
                0x000f10cc                __clzdi2
 .text          0x000f10f4       0x48 gcc-libgcc.a(_clzsi2.o)
                0x000f10f4                __clzsi2
                0x000f113c                _text_end = .
                0x000f1140                . = ALIGN (0x40)
 *fill*         0x000f113c        0x4 
                0x000f1140                _rodata_start = .
 *(.rodata)
 .rodata        0x000f1140       0x49 version.o
                0x000f1140                build_user
                0x000f114f                build_date
                0x000f1167                build_id
                0x000f116d                build_version
 .rodata        0x000f1189       0x35 fio-ml.o
 .rodata        0x000f11be       0x31 mem.o
 *fill*         0x000f11ef        0x1 
 .rodata        0x000f11f0      0xd38 ico.o
                0x000f11f0                menu_icons_body
 .rodata        0x000f1f28      0x14c edmac.o
 .rodata        0x000f2074      0x14c menu.o
 .rodata        0x000f21c0       0x15 debug.o
 .rodata        0x000f21d5        0xb util.o
 .rodata        0x000f21e0       0xb1 exmem.o
 .rodata        0x000f2291       0x51 bmp.o
 *fill*         0x000f22e2        0x2 
 .rodata        0x000f22e4       0x2c config.o
 .rodata        0x000f2310       0x1d stdio.o
 *fill*         0x000f232d        0x3 
 .rodata        0x000f2330       0xcc tweaks.o
 .rodata        0x000f23fc      0x3a1 lens.o
 .rodata        0x000f279d       0x14 property.o
 .rodata        0x000f27b1       0x24 movtweaks.o
 *fill*         0x000f27d5        0x3 
 .rodata        0x000f27d8      0x144 fps-engio.o
 .rodata        0x000f291c      0x230 shoot.o
 .rodata        0x000f2b4c       0x44 lv-img-engio.o
 .rodata        0x000f2b90       0x13 state-object.o
 .rodata        0x000f2ba3       0x23 tasks.o
 .rodata        0x000f2bc6        0x8 histogram.o
 *fill*         0x000f2bce        0x2 
 .rodata        0x000f2bd0       0x88 zebra.o
 .rodata        0x000f2c58       0x1e crop-mode-hack.o
 *fill*         0x000f2c76        0x2 
 .rodata        0x000f2c78       0x58 powersave.o
 .rodata        0x000f2cd0       0x63 ml-cbr.o
 *fill*         0x000f2d33        0x1 
 .rodata        0x000f2d34       0xc8 raw.o
 .rodata        0x000f2dfc      0x104 chdk-dng.o
 .rodata        0x000f2f00       0x31 edmac-memcpy.o
 *fill*         0x000f2f31        0x3 
 .rodata        0x000f2f34      0x1b8 ../../tcc/libtccx.o
 .rodata        0x000f30ec       0x2d module.o
 *fill*         0x000f3119        0x3 
 .rodata        0x000f311c       0x18 newlib-libm.a(lib_a-ef_exp.o)
 .rodata        0x000f3134        0x8 newlib-libm.a(lib_a-ef_fmod.o)
 .rodata        0x000f313c       0x18 newlib-libm.a(lib_a-ef_pow.o)
 .rodata        0x000f3154      0x398 newlib-libm.a(lib_a-ef_rem_pio2.o)
 .rodata        0x000f34ec       0x38 newlib-libm.a(lib_a-kf_rem_pio2.o)
 .rodata        0x000f3524       0x20 newlib-libm.a(lib_a-sf_atan.o)
 *fill*         0x000f3544        0x4 
 .rodata        0x000f3548       0x10 newlib-libm.a(lib_a-s_rint.o)
                0x000f3558                _rodata_end = .
                0x000f3558                _data_start = .

.rodata.str1.1  0x000f3558     0xc420
 .rodata.str1.1
                0x000f3558       0x46 backtrace.o
 .rodata.str1.1
                0x000f359e       0xdc boot-hack.o
                                 0xdf (size before relaxing)
 .rodata.str1.1
                0x000f367a      0x129 fio-ml.o
                                0x135 (size before relaxing)
 .rodata.str1.1
                0x000f37a3      0x5c6 mem.o
                                0x630 (size before relaxing)
 .rodata.str1.1
                0x000f3d69       0x12 edmac.o
 .rodata.str1.1
                0x000f3d69      0xd2d menu.o
                                0xdc7 (size before relaxing)
 .rodata.str1.1
                0x000f4a96      0xb66 debug.o
                                0xbef (size before relaxing)
 .rodata.str1.1
                0x000f55fc       0x12 posix.o
 .rodata.str1.1
                0x000f560e       0x16 util.o
 .rodata.str1.1
                0x000f5624       0x12 electronic_level.o
 .rodata.str1.1
                0x000f5624       0x28 picstyle.o
 .rodata.str1.1
                0x000f564c      0x19a exmem.o
                                0x1ae (size before relaxing)
 .rodata.str1.1
                0x000f57e6       0x7f bmp.o
                                 0x88 (size before relaxing)
 .rodata.str1.1
                0x000f5865       0x78 rbf_font.o
 .rodata.str1.1
                0x000f58dd      0x5c5 config.o
                                0x631 (size before relaxing)
 .rodata.str1.1
                0x000f5ea2       0x3d stdio.o
                                 0x41 (size before relaxing)
 .rodata.str1.1
                0x000f5edf      0x515 bitrate.o
                                0x52c (size before relaxing)
 .rodata.str1.1
                0x000f63f4      0xf90 tweaks.o
                                0xfea (size before relaxing)
 .rodata.str1.1
                0x000f7384      0x94d lens.o
                                0xa50 (size before relaxing)
 .rodata.str1.1
                0x000f7cd1       0x70 property.o
 .rodata.str1.1
                0x000f7d41       0xea propvalues.o
                                 0xf7 (size before relaxing)
 .rodata.str1.1
                0x000f7e2b       0x7c gui-common.o
                                 0x82 (size before relaxing)
 .rodata.str1.1
                0x000f7ea7      0x5d4 movtweaks.o
                                0x5ff (size before relaxing)
 .rodata.str1.1
                0x000f847b      0x2f3 menuhelp.o
                                0x352 (size before relaxing)
 .rodata.str1.1
                0x000f876e      0x100 menuindex.o
                                0x13a (size before relaxing)
 .rodata.str1.1
                0x000f886e      0x9ca focus.o
                                0x9d8 (size before relaxing)
 .rodata.str1.1
                0x000f9238       0x42 notify_box.o
 .rodata.str1.1
                0x000f927a       0x74 bootflags.o
 .rodata.str1.1
                0x000f92ee       0x49 vram.o
 .rodata.str1.1
                0x000f9337       0x4b greenscreen.o
 .rodata.str1.1
                0x000f9382      0x6e3 fps-engio.o
                                0x721 (size before relaxing)
 .rodata.str1.1
                0x000f9a65     0x2736 shoot.o
                               0x28ec (size before relaxing)
 .rodata.str1.1
                0x000fc19b      0x110 hdr.o
                                0x123 (size before relaxing)
 .rodata.str1.1
                0x000fc2ab      0x38b lv-img-engio.o
                                0x3e3 (size before relaxing)
 .rodata.str1.1
                0x000fc636       0x55 state-object.o
 .rodata.str1.1
                0x000fc68b       0xbb tasks.o
                                 0xc2 (size before relaxing)
 .rodata.str1.1
                0x000fc746        0xf vsync-lite.o
 .rodata.str1.1
                0x000fc755       0xa1 tskmon.o
                                 0xb9 (size before relaxing)
 .rodata.str1.1
                0x000fc7f6      0x174 histogram.o
                                0x196 (size before relaxing)
 .rodata.str1.1
                0x000fc96a       0x64 falsecolor.o
 .rodata.str1.1
                0x000fc9ce      0x150 audio-ak.o
                                0x164 (size before relaxing)
 .rodata.str1.1
                0x000fcb1e     0x1232 zebra.o
                               0x13a6 (size before relaxing)
 .rodata.str1.1
                0x000fdd50       0xc3 vectorscope.o
                                 0xde (size before relaxing)
 .rodata.str1.1
                0x000fde13       0xb1 crop-mode-hack.o
                                 0xb7 (size before relaxing)
 .rodata.str1.1
                0x000fdec4       0xc9 flexinfo.o
                                0x172 (size before relaxing)
 .rodata.str1.1
                0x000fdf8d       0x32 screenshot.o
                                 0x35 (size before relaxing)
 .rodata.str1.1
                0x000fdfbf        0x3 fileprefix.o
 .rodata.str1.1
                0x000fdfbf       0x12 lvinfo.o
                                 0x15 (size before relaxing)
 .rodata.str1.1
                0x000fdfd1      0x404 powersave.o
                                0x423 (size before relaxing)
 .rodata.str1.1
                0x000fe3d5       0xa7 ml-cbr.o
                                 0xb3 (size before relaxing)
 .rodata.str1.1
                0x000fe47c      0x29c raw.o
                                0x2ce (size before relaxing)
 .rodata.str1.1
                0x000fe718       0x1b chdk-dng.o
                                 0x2b (size before relaxing)
 .rodata.str1.1
                0x000fe733      0x116 edmac-memcpy.o
                                0x128 (size before relaxing)
 .rodata.str1.1
                0x000fe849      0x308 patch.o
                                0x324 (size before relaxing)
 .rodata.str1.1
                0x000feb51        0xd console.o
                                 0x17 (size before relaxing)
 .rodata.str1.1
                0x000feb5e       0x6c tcc-glue.o
 .rodata.str1.1
                0x000febca      0x5db ../../tcc/libtccx.o
                                0x652 (size before relaxing)
 .rodata.str1.1
                0x000ff1a5      0x7d3 module.o
                                0x898 (size before relaxing)

.rodata.str1.4  0x000ff978       0xa0
 .rodata.str1.4
                0x000ff978       0x46 stdio.o
 *fill*         0x000ff9be        0x2 
 .rodata.str1.4
                0x000ff9c0       0x16 histogram.o
 *fill*         0x000ff9d6        0x2 
 .rodata.str1.4
                0x000ff9d8        0x6 newlib-libm.a(lib_a-wf_acos.o)
                                  0xc (size before relaxing)
 *fill*         0x000ff9de        0x2 
 .rodata.str1.4
                0x000ff9e0        0x6 newlib-libm.a(lib_a-wf_asin.o)
                                  0xc (size before relaxing)
 *fill*         0x000ff9e6        0x2 
 .rodata.str1.4
                0x000ff9e8        0x5 newlib-libm.a(lib_a-wf_exp.o)
                                  0x8 (size before relaxing)
 *fill*         0x000ff9ed        0x3 
 .rodata.str1.4
                0x000ff9f0        0x6 newlib-libm.a(lib_a-wf_fmod.o)
                                  0x8 (size before relaxing)
 *fill*         0x000ff9f6        0x2 
 .rodata.str1.4
                0x000ff9f8        0x7 newlib-libm.a(lib_a-wf_log10.o)
                                  0xc (size before relaxing)
 *fill*         0x000ff9ff        0x1 
 .rodata.str1.4
                0x000ffa00        0x5 newlib-libm.a(lib_a-wf_log.o)
                                  0xc (size before relaxing)
 *fill*         0x000ffa05        0x3 
 .rodata.str1.4
                0x000ffa08        0x5 newlib-libm.a(lib_a-wf_pow.o)
                                  0x8 (size before relaxing)
 *fill*         0x000ffa0d        0x3 
 .rodata.str1.4
                0x000ffa10        0x8 newlib-libm.a(lib_a-wf_sqrt.o)
 .rodata.str1.4
                0x000ffa18        0x4 newlib-libm.a(lib_a-ef_pow.o)

.ARM.extab      0x000ffa18        0x0
 .ARM.extab     0x000ffa18        0x0 gcc-libgcc.a(_udivmoddi4.o)

.glue_7         0x000ffa18        0x0
 .glue_7        0x000ffa18        0x0 linker stubs

.glue_7t        0x000ffa18        0x0
 .glue_7t       0x000ffa18        0x0 linker stubs

.vfp11_veneer   0x000ffa18        0x0
 .vfp11_veneer  0x000ffa18        0x0 linker stubs

.v4_bx          0x000ffa18        0x0
 .v4_bx         0x000ffa18        0x0 linker stubs

.iplt           0x000ffa18        0x0
 .iplt          0x000ffa18        0x0 entry.o

.text.unlikely  0x000ffa18      0x344
 .text.unlikely
                0x000ffa18      0x154 menu.o
 .text.unlikely
                0x000ffb6c       0xa4 shoot.o
 .text.unlikely
                0x000ffc10      0x14c histogram.o

.data           0x000ffd60     0xe1d1
                0x000ffd60                . = ALIGN (0x8)
                0x000ffd60                _task_overrides_start = .
 *(.task_overrides)
 .task_overrides
                0x000ffd60        0x8 gui.o
                0x000ffd60                task_mapping_ml_gui_main_task
                0x000ffd68                _task_overrides_end = .
                0x000ffd68                . = ALIGN (0x8)
                0x000ffd68                _tasks_start = .
 *(.tasks)
 .tasks         0x000ffd68       0x28 menu.o
                0x000ffd68                task_create_menu_task
                0x000ffd7c                task_create_menu_redraw_task
 .tasks         0x000ffd90       0x14 debug.o
                0x000ffd90                task_create_debug_loop_task
 .tasks         0x000ffda4       0x14 bitrate.o
                0x000ffda4                task_create_bitrate_task
 .tasks         0x000ffdb8       0x14 tweaks.o
                0x000ffdb8                task_create_tweak_task
 .tasks         0x000ffdcc       0x28 focus.o
                0x000ffdcc                task_create_focus_misc_task
                0x000ffde0                task_create_focus_task
 .tasks         0x000ffdf4       0x14 notify_box.o
                0x000ffdf4                task_create_NotifyBox_task
 .tasks         0x000ffe08       0x14 fps-engio.o
                0x000ffe08                task_create_fps_task
 .tasks         0x000ffe1c       0x28 shoot.o
                0x000ffe1c                task_create_shoot_task
                0x000ffe30                task_create_seconds_clock_task
 .tasks         0x000ffe44       0x14 lv-img-engio.o
                0x000ffe44                task_create_vignetting_init
 .tasks         0x000ffe58       0x14 audio-ak.o
                0x000ffe58                task_create_audio_common_task
 .tasks         0x000ffe6c       0x3c zebra.o
                0x000ffe6c                task_create_livev_lopriority_task
                0x000ffe80                task_create_livev_hipriority_task
                0x000ffe94                task_create_clearscreen_task
 .tasks         0x000ffea8       0x14 console.o
                0x000ffea8                task_create_console_task
 .tasks         0x000ffebc       0x14 module.o
                0x000ffebc                task_create_module_load_task
                0x000ffed0                _tasks_end = .
                0x000ffed0                . = ALIGN (0x8)
                0x000ffed0                _init_funcs_start = .
 *(.init_funcs)
 .init_funcs    0x000ffed0       0x14 fio-ml.o
                0x000ffed0                task_create_fio_init
 .init_funcs    0x000ffee4       0x14 debug.o
                0x000ffee4                task_create_debug_init_func
 .init_funcs    0x000ffef8       0x14 exmem.o
                0x000ffef8                task_create_exmem_init
 .init_funcs    0x000fff0c       0x14 bmp.o
                0x000fff0c                task_create_bmp_init
 .init_funcs    0x000fff20       0x14 config.o
                0x000fff20                task_create_config_menu_init
 .init_funcs    0x000fff34       0x14 bitrate.o
                0x000fff34                task_create_bitrate_init
 .init_funcs    0x000fff48       0x14 tweaks.o
                0x000fff48                task_create_tweak_init
 .init_funcs    0x000fff5c       0x28 lens.o
                0x000fff5c                task_create_lens_info_init
                0x000fff70                task_create_lens_init
 .init_funcs    0x000fff84       0x14 property.o
                0x000fff84                task_create_prop_init
 .init_funcs    0x000fff98       0x14 gui-common.o
                0x000fff98                task_create_DebugMsg_hack
 .init_funcs    0x000fffac       0x14 movtweaks.o
                0x000fffac                task_create_movtweak_init
 .init_funcs    0x000fffc0       0x14 menuindex.o
                0x000fffc0                task_create_help_menu_init
 .init_funcs    0x000fffd4       0x14 focus.o
                0x000fffd4                task_create_focus_init
 .init_funcs    0x000fffe8       0x14 notify_box.o
                0x000fffe8                task_create_dlg_init
 .init_funcs    0x000ffffc       0x14 fps-engio.o
                0x000ffffc                task_create_fps_init
 .init_funcs    0x00100010       0x14 shoot.o
                0x00100010                task_create_shoot_init
 .init_funcs    0x00100024       0x14 hdr.o
                0x00100024                task_create_hdr_init
 .init_funcs    0x00100038       0x14 lv-img-engio.o
                0x00100038                task_create_lv_img_init
 .init_funcs    0x0010004c       0x14 state-object.o
                0x0010004c                task_create_state_init
 .init_funcs    0x00100060       0x14 vsync-lite.o
                0x00100060                task_create_vsync_init
 .init_funcs    0x00100074       0x14 histogram.o
                0x00100074                task_create_hist_init
 .init_funcs    0x00100088       0x28 audio-ak.o
                0x00100088                task_create_audio_menus_init
                0x0010009c                task_create_audio_meter_init
 .init_funcs    0x001000b0       0x14 zebra.o
                0x001000b0                task_create_zebra_init
 .init_funcs    0x001000c4       0x14 vectorscope.o
                0x001000c4                task_create_vectorscope_feature_init
 .init_funcs    0x001000d8       0x14 crop-mode-hack.o
                0x001000d8                task_create_crop_mode_hack_init
 .init_funcs    0x001000ec       0x14 flexinfo.o
                0x001000ec                task_create_info_init
 .init_funcs    0x00100100       0x14 lvinfo.o
                0x00100100                task_create_lvinfo_init
 .init_funcs    0x00100114       0x14 powersave.o
                0x00100114                task_create_powersave_init
 .init_funcs    0x00100128       0x14 raw.o
                0x00100128                task_create_raw_init
 .init_funcs    0x0010013c       0x14 edmac-memcpy.o
                0x0010013c                task_create_edmac_memcpy_init
 .init_funcs    0x00100150       0x14 patch.o
                0x00100150                task_create_patch_simple_init
 .init_funcs    0x00100164       0x14 module.o
                0x00100164                task_create_module_init
                0x00100178                _init_funcs_end = .
                0x00100178                . = ALIGN (0x8)
                0x00100178                _ptp_handlers_start = .
 *(.ptp_handlers)
                0x00100178                _ptp_handlers_end = .
                0x00100178                . = ALIGN (0x8)
                0x00100178                _config_vars_start = .
 *(.config_vars)
 .config_vars   0x00100178       0x30 fio-ml.o
 .config_vars   0x001001a8       0x30 menu.o
 .config_vars   0x001001d8       0x10 debug.o
 .config_vars   0x001001e8       0x70 bitrate.o
 .config_vars   0x00100258      0x220 tweaks.o
 .config_vars   0x00100478       0x40 lens.o
 .config_vars   0x001004b8      0x140 movtweaks.o
 .config_vars   0x001005f8       0xf0 focus.o
 .config_vars   0x001006e8       0xa0 fps-engio.o
 .config_vars   0x00100788      0x320 shoot.o
 .config_vars   0x00100aa8       0x30 hdr.o
 .config_vars   0x00100ad8       0xe0 lv-img-engio.o
 .config_vars   0x00100bb8       0x50 histogram.o
 .config_vars   0x00100c08       0x20 falsecolor.o
 .config_vars   0x00100c28       0xa0 audio-ak.o
 .config_vars   0x00100cc8      0x2c0 zebra.o
 .config_vars   0x00100f88       0x20 vectorscope.o
 .config_vars   0x00100fa8       0x70 powersave.o
 .config_vars   0x00101018       0x30 module.o
                0x00101048                _config_vars_end = .
                0x00101048                . = ALIGN (0x8)
                0x00101048                _prop_handlers_start = .
 *(.prop_handlers)
 .prop_handlers
                0x00101048       0xa8 fio-ml.o
 .prop_handlers
                0x001010f0        0xc cfn.o
 .prop_handlers
                0x001010fc       0x84 picstyle.o
 .prop_handlers
                0x00101180        0xc tweaks.o
 .prop_handlers
                0x0010118c      0x120 lens.o
 .prop_handlers
                0x001012ac       0x78 property.o
 .prop_handlers
                0x00101324      0x210 propvalues.o
 .prop_handlers
                0x00101534       0x24 movtweaks.o
 .prop_handlers
                0x00101558       0x24 focus.o
 .prop_handlers
                0x0010157c       0x90 vram.o
 .prop_handlers
                0x0010160c       0x18 fps-engio.o
 .prop_handlers
                0x00101624       0x84 shoot.o
 .prop_handlers
                0x001016a8       0x18 tasks.o
 .prop_handlers
                0x001016c0       0x30 audio-ak.o
 .prop_handlers
                0x001016f0       0x24 zebra.o
 .prop_handlers
                0x00101714        0xc crop-mode-hack.o
 .prop_handlers
                0x00101720        0xc fileprefix.o
 .prop_handlers
                0x0010172c       0x24 powersave.o
 .prop_handlers
                0x00101750       0x18 raw.o
 .prop_handlers
                0x00101768        0xc chdk-dng.o