Archive member included to satisfy reference by file (symbol)

dietlibc.a(strlen.o)          font_direct.o (strlen)
gcc-libgcc.a(_udivsi3.o)      font_direct.o (__aeabi_uidiv)
gcc-libgcc.a(_dvmd_tls.o)     gcc-libgcc.a(_udivsi3.o) (__aeabi_idiv0)

Discarded input sections

 .group         0x00000000        0x8 minimal.o
 .group         0x00000000        0x8 minimal.o
 .group         0x00000000        0x8 minimal.o
 .group         0x00000000        0x8 minimal.o
 .group         0x00000000        0x8 minimal.o
 .group         0x00000000        0x8 minimal.o
 .group         0x00000000        0x8 minimal.o
 .group         0x00000000        0x8 minimal.o
 .group         0x00000000        0x8 minimal.o
 .group         0x00000000        0x8 minimal.o
 .group         0x00000000        0x8 minimal.o
 .group         0x00000000        0x8 minimal.o
 .group         0x00000000        0x8 minimal.o
 .group         0x00000000        0x8 minimal.o
 .group         0x00000000        0x8 minimal.o
 .group         0x00000000        0x8 minimal.o
 .group         0x00000000        0x8 minimal.o
 .group         0x00000000        0x8 minimal.o
 .group         0x00000000        0x8 minimal.o
 .group         0x00000000        0x8 minimal.o
 .group         0x00000000        0x8 minimal.o
 .group         0x00000000        0x8 minimal.o
 .group         0x00000000        0x8 minimal.o
 .group         0x00000000        0x8 minimal.o
 .group         0x00000000        0x8 minimal.o
 .group         0x00000000        0x8 minimal.o
 .group         0x00000000        0x8 minimal.o
 .group         0x00000000        0x8 minimal.o
 .group         0x00000000        0x8 minimal.o
 .group         0x00000000        0x8 minimal.o
 .group         0x00000000        0x8 minimal.o
 .group         0x00000000        0x8 minimal.o
 .group         0x00000000        0x8 minimal.o
 .group         0x00000000        0x8 minimal.o
 .group         0x00000000        0x8 minimal.o
 .group         0x00000000        0x8 minimal.o
 .group         0x00000000        0x8 minimal.o
 .group         0x00000000        0x8 minimal.o
 .group         0x00000000        0x8 minimal.o
 .group         0x00000000        0x8 minimal.o
 .group         0x00000000        0x8 minimal.o
 .group         0x00000000        0x8 minimal.o
 .group         0x00000000        0x8 minimal.o
 .group         0x00000000        0x8 minimal.o
 .group         0x00000000        0x8 minimal.o
 .group         0x00000000        0x8 minimal.o
 .group         0x00000000        0x8 minimal.o
 .group         0x00000000        0x8 minimal.o
 .group         0x00000000        0x8 minimal.o
 .group         0x00000000        0x8 minimal.o
 .group         0x00000000        0x8 minimal.o
 .group         0x00000000        0x8 minimal.o
 .group         0x00000000        0x8 minimal.o
 .group         0x00000000        0x8 minimal.o
 .group         0x00000000        0x8 minimal.o
 .group         0x00000000        0x8 minimal.o
 .group         0x00000000        0x8 minimal.o
 .group         0x00000000        0x8 minimal.o
 .group         0x00000000        0x8 cache.o
 .group         0x00000000        0x8 cache.o
 .group         0x00000000        0x8 cache.o
 .group         0x00000000        0x8 cache.o
 .group         0x00000000        0x8 cache.o
 .group         0x00000000        0x8 cache.o
 .group         0x00000000        0x8 cache.o
 .group         0x00000000        0x8 cache.o
 .group         0x00000000        0x8 cache.o
 .group         0x00000000        0x8 cache.o
 .group         0x00000000        0x8 cache.o
 .group         0x00000000        0x8 cache.o
 .group         0x00000000        0x8 cache.o
 .group         0x00000000        0x8 cache.o
 .group         0x00000000        0x8 cache.o
 .group         0x00000000        0x8 cache.o
 .group         0x00000000        0x8 cache.o
 .group         0x00000000        0x8 cache.o
 .group         0x00000000        0x8 cache.o
 .group         0x00000000        0x8 cache.o
 .group         0x00000000        0x8 cache.o
 .group         0x00000000        0x8 cache.o
 .group         0x00000000        0x8 cache.o
 .group         0x00000000        0x8 cache.o
 .group         0x00000000        0x8 cache.o
 .group         0x00000000        0x8 cache.o
 .group         0x00000000        0x8 cache.o
 .group         0x00000000        0x8 cache.o
 .group         0x00000000        0x8 cache.o
 .debug_macro   0x00000000      0x87a cache.o
 .debug_macro   0x00000000       0x3a cache.o
 .debug_macro   0x00000000       0x10 cache.o
 .debug_macro   0x00000000       0x22 cache.o
 .debug_macro   0x00000000       0x87 cache.o
 .debug_macro   0x00000000       0x44 cache.o
 .debug_macro   0x00000000       0xfd cache.o
 .debug_macro   0x00000000       0x5e cache.o
 .debug_macro   0x00000000      0x1df cache.o
 .debug_macro   0x00000000       0x52 cache.o
 .debug_macro   0x00000000      0x16d cache.o
 .debug_macro   0x00000000      0x330 cache.o
 .debug_macro   0x00000000       0x25 cache.o
 .debug_macro   0x00000000      0x118 cache.o
 .debug_macro   0x00000000       0x35 cache.o
 .debug_macro   0x00000000       0x9c cache.o
 .debug_macro   0x00000000       0x10 cache.o
 .debug_macro   0x00000000       0x52 cache.o
 .debug_macro   0x00000000       0x1f cache.o
 .debug_macro   0x00000000       0x43 cache.o
 .debug_macro   0x00000000       0x20 cache.o
 .debug_macro   0x00000000       0x1c cache.o
 .debug_macro   0x00000000       0x52 cache.o
 .debug_macro   0x00000000       0x40 cache.o
 .debug_macro   0x00000000       0x10 cache.o
 .debug_macro   0x00000000       0x40 cache.o
 .debug_macro   0x00000000       0xd7 cache.o
 .debug_macro   0x00000000       0x8e cache.o
 .debug_macro   0x00000000       0x97 cache.o
 .group         0x00000000        0x8 font_direct.o
 .group         0x00000000        0x8 font_direct.o
 .group         0x00000000        0x8 font_direct.o
 .group         0x00000000        0x8 font_direct.o
 .group         0x00000000        0x8 font_direct.o
 .group         0x00000000        0x8 font_direct.o
 .group         0x00000000        0x8 font_direct.o
 .group         0x00000000        0x8 font_direct.o
 .group         0x00000000        0x8 font_direct.o
 .group         0x00000000        0x8 font_direct.o
 .group         0x00000000        0x8 font_direct.o
 .group         0x00000000        0x8 font_direct.o
 .group         0x00000000        0x8 font_direct.o
 .group         0x00000000        0x8 font_direct.o
 .group         0x00000000        0x8 font_direct.o
 .group         0x00000000        0x8 font_direct.o
 .group         0x00000000        0x8 font_direct.o
 .group         0x00000000        0x8 font_direct.o
 .group         0x00000000        0x8 font_direct.o
 .group         0x00000000        0x8 font_direct.o
 .group         0x00000000        0x8 font_direct.o
 .group         0x00000000        0x8 font_direct.o
 .group         0x00000000        0x8 font_direct.o
 .group         0x00000000        0x8 font_direct.o
 .group         0x00000000        0x8 font_direct.o
 .group         0x00000000        0x8 font_direct.o
 .group         0x00000000        0x8 font_direct.o
 .group         0x00000000        0x8 font_direct.o
 .group         0x00000000        0x8 font_direct.o
 .group         0x00000000        0x8 font_direct.o
 .group         0x00000000        0x8 font_direct.o
 .group         0x00000000        0x8 font_direct.o
 .group         0x00000000        0x8 font_direct.o
 .group         0x00000000        0x8 font_direct.o
 .group         0x00000000        0x8 font_direct.o
 .group         0x00000000        0x8 font_direct.o
 .group         0x00000000        0x8 font_direct.o
 .group         0x00000000        0x8 font_direct.o
 .group         0x00000000        0x8 font_direct.o
 .group         0x00000000        0x8 font_direct.o
 .group         0x00000000        0x8 font_direct.o
 .group         0x00000000        0x8 font_direct.o
 .debug_macro   0x00000000      0x87a font_direct.o
 .debug_macro   0x00000000       0x22 font_direct.o
 .debug_macro   0x00000000       0x35 font_direct.o
 .debug_macro   0x00000000       0x9c font_direct.o
 .debug_macro   0x00000000      0x16d font_direct.o
 .debug_macro   0x00000000       0x52 font_direct.o
 .debug_macro   0x00000000       0x1f font_direct.o
 .debug_macro   0x00000000       0x43 font_direct.o
 .debug_macro   0x00000000       0x20 font_direct.o
 .debug_macro   0x00000000      0x187 font_direct.o
 .debug_macro   0x00000000      0x330 font_direct.o
 .debug_macro   0x00000000       0x35 font_direct.o
 .debug_macro   0x00000000       0xfd font_direct.o
 .debug_macro   0x00000000       0x5e font_direct.o
 .debug_macro   0x00000000      0x1df font_direct.o
 .debug_macro   0x00000000       0x10 font_direct.o
 .debug_macro   0x00000000       0x1c font_direct.o
 .debug_macro   0x00000000       0x52 font_direct.o
 .debug_macro   0x00000000       0x40 font_direct.o
 .debug_macro   0x00000000       0x10 font_direct.o
 .debug_macro   0x00000000       0x40 font_direct.o
 .debug_macro   0x00000000       0xd7 font_direct.o
 .debug_macro   0x00000000       0x16 font_direct.o
 .debug_macro   0x00000000      0x18b font_direct.o
 .debug_macro   0x00000000       0x3a font_direct.o
 .debug_macro   0x00000000       0x10 font_direct.o
 .debug_macro   0x00000000      0x118 font_direct.o
 .debug_macro   0x00000000       0x8e font_direct.o
 .debug_macro   0x00000000       0x97 font_direct.o
 .debug_macro   0x00000000      0x2e6 font_direct.o

Memory Configuration

Name             Origin             Length             Attributes
*default*        0x00000000         0xffffffff

Linker script and memory map

                0x0009e1e0                . = 0x9e1e0

.text           0x0009e1e0      0x7c0
                0x0009e1e0                _text_start = .
 *(.text)
 .text          0x0009e1e0        0x4 entry.o
                0x0009e1e0                _start
 *fill*         0x0009e1e4        0xc 
 .text          0x0009e1f0      0x1d0 minimal.o
                0x0009e2d4                copy_and_restart
                0x0009e3a4                disp_set_pixel
                0x0009e3a8                bmp_printf
                0x0009e3b8                bfnt_draw_char
 .text          0x0009e3c0       0x64 cache.o
                0x0009e3c0                sync_caches
 *fill*         0x0009e424        0xc 
 .text          0x0009e430       0xdc font_direct.o
                0x0009e430                font_draw
 .text          0x0009e50c        0x0 ../../platform/EOSM.202/stubs.o
 .text          0x0009e50c       0x1c dietlibc.a(strlen.o)
                0x0009e50c                strlen
 .text          0x0009e528      0x114 gcc-libgcc.a(_udivsi3.o)
                0x0009e528                __udivsi3
                0x0009e528                __aeabi_uidiv
                0x0009e61c                __aeabi_uidivmod
 .text          0x0009e63c        0x4 gcc-libgcc.a(_dvmd_tls.o)
                0x0009e63c                __aeabi_ldiv0
                0x0009e63c                __aeabi_idiv0
                0x0009e640                _text_end = .
                0x0009e640                . = ALIGN (0x40)
                0x0009e640                _rodata_start = .
 *(.rodata)
 .rodata        0x0009e640      0x360 font_direct.o
                0x0009e9a0                _rodata_end = .
                0x0009e9a0                _data_start = .

.rodata.str1.1  0x0009e9a0       0x23
 .rodata.str1.1
                0x0009e9a0       0x23 minimal.o

.glue_7         0x0009e9c4        0x0
 .glue_7        0x0009e9c4        0x0 linker stubs

.glue_7t        0x0009e9c4        0x0
 .glue_7t       0x0009e9c4        0x0 linker stubs

.vfp11_veneer   0x0009e9c4        0x0
 .vfp11_veneer  0x0009e9c4        0x0 linker stubs

.v4_bx          0x0009e9c4        0x0
 .v4_bx         0x0009e9c4        0x0 linker stubs

.iplt           0x0009e9c4        0x0
 .iplt          0x0009e9c4        0x0 entry.o

.rel.dyn        0x0009e9c4        0x0
 .rel.iplt      0x0009e9c4        0x0 entry.o

.data           0x0009e9c3       0x3d
                0x0009e9c8                . = ALIGN (0x8)
 *fill*         0x0009e9c3        0x5 
                0x0009e9c8                _task_overrides_start = .
 *(.task_overrides)
                0x0009e9c8                _task_overrides_end = .
                0x0009e9c8                . = ALIGN (0x8)
                0x0009e9c8                _tasks_start = .
 *(.tasks)
                0x0009e9c8                _tasks_end = .
                0x0009e9c8                . = ALIGN (0x8)
                0x0009e9c8                _init_funcs_start = .
 *(.init_funcs)
                0x0009e9c8                _init_funcs_end = .
                0x0009e9c8                . = ALIGN (0x8)
                0x0009e9c8                _ptp_handlers_start = .
 *(.ptp_handlers)
                0x0009e9c8                _ptp_handlers_end = .
                0x0009e9c8                . = ALIGN (0x8)
                0x0009e9c8                _config_vars_start = .
 *(.config_vars)
                0x0009e9c8                _config_vars_end = .
                0x0009e9c8                . = ALIGN (0x8)
                0x0009e9c8                _prop_handlers_start = .
 *(.prop_handlers)
                0x0009e9c8                _prop_handlers_end = .
                0x0009e9c8                . = ALIGN (0x8)
                0x0009e9c8                _module_symbols_start = .
 *(.module_symbols)
                0x0009e9c8                _module_symbols_end = .
                0x0009ea00                . = ALIGN (0x40)
 *fill*         0x0009e9c8       0x38 
 *(.data)
 .data          0x0009ea00        0x0 entry.o
 .data          0x0009ea00        0x0 minimal.o
 .data          0x0009ea00        0x0 cache.o
 .data          0x0009ea00        0x0 font_direct.o
 .data          0x0009ea00        0x0 ../../platform/EOSM.202/stubs.o
 .data          0x0009ea00        0x0 dietlibc.a(strlen.o)
 .data          0x0009ea00        0x0 gcc-libgcc.a(_udivsi3.o)
 .data          0x0009ea00        0x0 gcc-libgcc.a(_dvmd_tls.o)
                0x0009ea00                _data.end = .
                0x0009ea00                __exidx_start = .

.igot.plt       0x0009ea00        0x0
 .igot.plt      0x0009ea00        0x0 entry.o

.ARM.exidx
 *(.ARM.exidx*)
                0x0009ea00                __exidx_end = .
                0x0009ea00                . = ALIGN (0x40)
                0x0009ea00                _bss_start = .

.bss            0x0009ea00    0x10000
 *(.bss)
 .bss           0x0009ea00        0x0 entry.o
 .bss           0x0009ea00    0x10000 minimal.o
 .bss           0x000aea00        0x0 cache.o
 .bss           0x000aea00        0x0 font_direct.o
 .bss           0x000aea00        0x0 ../../platform/EOSM.202/stubs.o
 .bss           0x000aea00        0x0 dietlibc.a(strlen.o)
 .bss           0x000aea00        0x0 gcc-libgcc.a(_udivsi3.o)
 .bss           0x000aea00        0x0 gcc-libgcc.a(_dvmd_tls.o)
                0x000aea00                . = ALIGN (0x40)
                0x000aea00                _bss_end = .

.stab
 *(.stab)

.stabstr
 *(.stabstr)

.stab.excl
 *(.stab.excl)

.stab.exclstr
 *(.stab.exclstr)

.stab.index
 *(.stab.index)

.stab.indexstr
 *(.stab.indexstr)

.comment        0x00000000       0x6e
 *(.comment)
 .comment       0x00000000       0x6e minimal.o
                                 0x6f (size before relaxing)
 .comment       0x0000006e       0x6f cache.o
 .comment       0x0000006e       0x6f font_direct.o

.ARM.attributes
                0x00000000       0x23
 .ARM.attributes
                0x00000000       0x14 entry.o
 .ARM.attributes
                0x00000014       0x27 minimal.o
 .ARM.attributes
                0x0000003b       0x27 cache.o
 .ARM.attributes
                0x00000062       0x27 font_direct.o
 .ARM.attributes
                0x00000089       0x14 ../../platform/EOSM.202/stubs.o
 .ARM.attributes
                0x0000009d       0x14 dietlibc.a(strlen.o)
 .ARM.attributes
                0x000000b1       0x18 gcc-libgcc.a(_udivsi3.o)
 .ARM.attributes
                0x000000c9       0x18 gcc-libgcc.a(_dvmd_tls.o)

.debug
 *(.debug)

.line
 *(.line)

.debug_srcinfo
 *(.debug_srcinfo)

.debug_sfnames
 *(.debug_sfnames)

.debug_aranges  0x00000000       0x60
 *(.debug_aranges)
 .debug_aranges
                0x00000000       0x20 minimal.o
 .debug_aranges
                0x00000020       0x20 cache.o
 .debug_aranges
                0x00000040       0x20 font_direct.o

.debug_pubnames
 *(.debug_pubnames)

.debug_info     0x00000000      0xfc1
 *(.debug_info .gnu.linkonce.wi.*)
 .debug_info    0x00000000      0xb02 minimal.o
 .debug_info    0x00000b02      0x22c cache.o
 .debug_info    0x00000d2e      0x293 font_direct.o

.debug_abbrev   0x00000000      0x561
 *(.debug_abbrev)
 .debug_abbrev  0x00000000      0x306 minimal.o
 .debug_abbrev  0x00000306      0x116 cache.o
 .debug_abbrev  0x0000041c      0x145 font_direct.o

.debug_line     0x00000000      0xca3
 *(.debug_line .debug_line.* .debug_line_end)
 .debug_line    0x00000000      0x528 minimal.o
 .debug_line    0x00000528      0x34e cache.o
 .debug_line    0x00000876      0x42d font_direct.o

.debug_frame    0x00000000      0x12c
 *(.debug_frame)
 .debug_frame   0x00000000       0xb0 minimal.o
 .debug_frame   0x000000b0       0x20 cache.o
 .debug_frame   0x000000d0       0x3c font_direct.o
 .debug_frame   0x0000010c       0x20 gcc-libgcc.a(_udivsi3.o)

.debug_str      0x00000000    0x12092
 *(.debug_str)
 .debug_str     0x00000000    0x11dd5 minimal.o
                              0x1208d (size before relaxing)
 .debug_str     0x00011dd5       0x52 cache.o
                               0x6d7a (size before relaxing)
 .debug_str     0x00011e27      0x26b font_direct.o
                               0x93c8 (size before relaxing)

.debug_loc      0x00000000      0x38c
 *(.debug_loc)
 .debug_loc     0x00000000      0x16f minimal.o
 .debug_loc     0x0000016f       0x50 cache.o
 .debug_loc     0x000001bf      0x1cd font_direct.o

.debug_macinfo
 *(.debug_macinfo)

.debug_weaknames
 *(.debug_weaknames)

.debug_funcnames
 *(.debug_funcnames)

.debug_typenames
 *(.debug_typenames)

.debug_varnames
 *(.debug_varnames)

.debug_pubtypes
 *(.debug_pubtypes)

.debug_ranges   0x00000000       0x70
 *(.debug_ranges)
 .debug_ranges  0x00000000       0x70 font_direct.o

.debug_macro    0x00000000     0x45bb
 *(.debug_macro)
 .debug_macro   0x00000000      0x337 minimal.o
 .debug_macro   0x00000337      0x87a minimal.o
 .debug_macro   0x00000bb1       0x22 minimal.o
 .debug_macro   0x00000bd3       0xd3 minimal.o
 .debug_macro   0x00000ca6      0x2ad minimal.o
 .debug_macro   0x00000f53       0x9a minimal.o
 .debug_macro   0x00000fed       0x3a minimal.o
 .debug_macro   0x00001027       0x10 minimal.o
 .debug_macro   0x00001037       0x22 minimal.o
 .debug_macro   0x00001059       0x87 minimal.o
 .debug_macro   0x000010e0       0x44 minimal.o
 .debug_macro   0x00001124       0xfd minimal.o
 .debug_macro   0x00001221       0x5e minimal.o
 .debug_macro   0x0000127f      0x1df minimal.o
 .debug_macro   0x0000145e       0x52 minimal.o
 .debug_macro   0x000014b0      0x16d minimal.o
 .debug_macro   0x0000161d      0x330 minimal.o
 .debug_macro   0x0000194d       0x25 minimal.o
 .debug_macro   0x00001972      0x118 minimal.o
 .debug_macro   0x00001a8a       0x35 minimal.o
 .debug_macro   0x00001abf       0x9c minimal.o
 .debug_macro   0x00001b5b       0x10 minimal.o
 .debug_macro   0x00001b6b       0x52 minimal.o
 .debug_macro   0x00001bbd       0x1f minimal.o
 .debug_macro   0x00001bdc       0x43 minimal.o
 .debug_macro   0x00001c1f       0x20 minimal.o
 .debug_macro   0x00001c3f       0x1c minimal.o
 .debug_macro   0x00001c5b       0x52 minimal.o
 .debug_macro   0x00001cad       0x40 minimal.o
 .debug_macro   0x00001ced       0x10 minimal.o
 .debug_macro   0x00001cfd       0x40 minimal.o
 .debug_macro   0x00001d3d       0xd7 minimal.o
 .debug_macro   0x00001e14       0x8e minimal.o
 .debug_macro   0x00001ea2       0x97 minimal.o
 .debug_macro   0x00001f39      0x2e6 minimal.o
 .debug_macro   0x0000221f       0xe8 minimal.o
 .debug_macro   0x00002307       0x22 minimal.o
 .debug_macro   0x00002329      0x2da minimal.o
 .debug_macro   0x00002603       0xba minimal.o
 .debug_macro   0x000026bd      0x330 minimal.o
 .debug_macro   0x000029ed       0x10 minimal.o
 .debug_macro   0x000029fd       0x16 minimal.o
 .debug_macro   0x00002a13       0x20 minimal.o
 .debug_macro   0x00002a33       0xd6 minimal.o
 .debug_macro   0x00002b09       0xff minimal.o
 .debug_macro   0x00002c08       0x58 minimal.o
 .debug_macro   0x00002c60       0x16 minimal.o
 .debug_macro   0x00002c76       0xd0 minimal.o
 .debug_macro   0x00002d46       0x16 minimal.o
 .debug_macro   0x00002d5c       0x35 minimal.o
 .debug_macro   0x00002d91      0x187 minimal.o
 .debug_macro   0x00002f18       0x16 minimal.o
 .debug_macro   0x00002f2e      0x18b minimal.o
 .debug_macro   0x000030b9       0xa6 minimal.o
 .debug_macro   0x0000315f       0xa0 minimal.o
 .debug_macro   0x000031ff       0x7b minimal.o
 .debug_macro   0x0000327a      0x7f5 minimal.o
 .debug_macro   0x00003a6f      0x100 minimal.o
 .debug_macro   0x00003b6f      0x3ff minimal.o
 .debug_macro   0x00003f6e      0x1a5 cache.o
 .debug_macro   0x00004113      0x261 font_direct.o
 .debug_macro   0x00004374       0x4c font_direct.o
 .debug_macro   0x000043c0       0x8d font_direct.o
 .debug_macro   0x0000444d       0x4a font_direct.o
 .debug_macro   0x00004497       0x10 font_direct.o
 .debug_macro   0x000044a7       0x16 font_direct.o
 .debug_macro   0x000044bd       0x16 font_direct.o
 .debug_macro   0x000044d3       0x29 font_direct.o
 .debug_macro   0x000044fc       0x1c font_direct.o
 .debug_macro   0x00004518       0x10 font_direct.o
 .debug_macro   0x00004528       0x16 font_direct.o
 .debug_macro   0x0000453e       0x52 font_direct.o
 .debug_macro   0x00004590       0x2b font_direct.o
LOAD entry.o
LOAD minimal.o
LOAD cache.o
LOAD font_direct.o
LOAD ../../platform/EOSM.202/stubs.o
LOAD dietlibc.a
LOAD newlib-libc.a
LOAD newlib-libm.a
LOAD gcc-libgcc.a
OUTPUT(magiclantern elf32-littlearm)
